query: explain alter table altertable add index (b)
ABSTRACT SYNTAX TREE:
  (TOK_ALTERTABLE_ADDINDEX altertable (TOK_INDEXFIELD b))

STAGE DEPENDENCIES:
  Stage-0 is a root stage

STAGE PLANS:
  Stage: Stage-0
      Alter Table Operator:
        Alter Table
          type: unknown
          old name: altertable


