query: show partitions srcpart
pri partitions:
p0
p1
sub partitions:
sp1
sp2
query: select * from srcpart
Output: file:/data/allison/tdw_new/build/ql/tmp/962072787/10000
238	val_238	2008-04-08	00
86	val_86	2008-04-08	00
311	val_311	2008-04-08	00
27	val_27	2008-04-08	00
165	val_165	2008-04-08	00
409	val_409	2008-04-08	00
255	val_255	2008-04-08	00
278	val_278	2008-04-08	00
98	val_98	2008-04-08	00
484	val_484	2008-04-08	00
265	val_265	2008-04-08	01
193	val_193	2008-04-08	01
401	val_401	2008-04-08	01
150	val_150	2008-04-08	01
273	val_273	2008-04-08	01
224	val_224	2008-04-08	01
369	val_369	2008-04-08	01
66	val_66	2008-04-08	01
128	val_128	2008-04-08	01
213	val_213	2008-04-08	01
146	val_146	2008-04-08	02
406	val_406	2008-04-08	02
429	val_429	2008-04-08	02
374	val_374	2008-04-08	02
152	val_152	2008-04-08	02
469	val_469	2008-04-08	02
145	val_145	2008-04-08	02
495	val_495	2008-04-08	02
37	val_37	2008-04-08	02
327	val_327	2008-04-08	02
281	val_281	2008-04-08	02
277	val_277	2008-04-08	02
209	val_209	2008-04-08	02
15	val_15	2008-04-08	02
82	val_82	2008-04-08	02
403	val_403	2008-04-08	02
166	val_166	2008-04-08	02
417	val_417	2008-04-08	02
430	val_430	2008-04-08	02
252	val_252	2008-04-08	02
292	val_292	2008-04-08	02
219	val_219	2008-04-08	02
287	val_287	2008-04-08	02
153	val_153	2008-04-08	02
193	val_193	2008-04-08	02
338	val_338	2008-04-08	02
446	val_446	2008-04-08	02
459	val_459	2008-04-08	02
394	val_394	2008-04-08	02
237	val_237	2008-04-08	02
482	val_482	2008-04-08	02
174	val_174	2008-04-08	02
413	val_413	2008-04-08	02
494	val_494	2008-04-08	02
207	val_207	2008-04-08	02
199	val_199	2008-04-08	02
466	val_466	2008-04-08	04
208	val_208	2008-04-08	04
174	val_174	2008-04-08	04
399	val_399	2008-04-08	04
396	val_396	2008-04-08	04
247	val_247	2008-04-08	04
417	val_417	2008-04-08	04
489	val_489	2008-04-08	04
162	val_162	2008-04-08	04
377	val_377	2008-04-08	04
397	val_397	2008-04-08	04
309	val_309	2008-04-08	04
365	val_365	2008-04-08	04
266	val_266	2008-04-08	04
439	val_439	2008-04-08	04
342	val_342	2008-04-08	04
367	val_367	2008-04-08	04
325	val_325	2008-04-08	04
167	val_167	2008-04-08	04
195	val_195	2008-04-08	04
475	val_475	2008-04-08	04
17	val_17	2008-04-08	04
113	val_113	2008-04-08	04
155	val_155	2008-04-08	04
203	val_203	2008-04-08	04
339	val_339	2008-04-08	04
0	val_0	2008-04-08	04
455	val_455	2008-04-08	04
128	val_128	2008-04-08	04
311	val_311	2008-04-08	04
316	val_316	2008-04-08	04
57	val_57	2008-04-08	04
302	val_302	2008-04-08	04
205	val_205	2008-04-08	04
149	val_149	2008-04-08	04
438	val_438	2008-04-08	04
345	val_345	2008-04-08	04
129	val_129	2008-04-08	04
170	val_170	2008-04-08	04
20	val_20	2008-04-08	04
489	val_489	2008-04-08	04
157	val_157	2008-04-08	04
378	val_378	2008-04-08	04
221	val_221	2008-04-08	04
92	val_92	2008-04-08	05
111	val_111	2008-04-08	05
47	val_47	2008-04-08	05
72	val_72	2008-04-08	05
4	val_4	2008-04-08	05
280	val_280	2008-04-08	05
35	val_35	2008-04-08	05
427	val_427	2008-04-08	05
277	val_277	2008-04-08	05
208	val_208	2008-04-08	05
356	val_356	2008-04-08	05
399	val_399	2008-04-08	05
169	val_169	2008-04-08	05
382	val_382	2008-04-08	05
498	val_498	2008-04-08	05
125	val_125	2008-04-08	05
386	val_386	2008-04-08	05
437	val_437	2008-04-08	05
469	val_469	2008-04-08	05
192	val_192	2008-04-08	05
286	val_286	2008-04-08	05
187	val_187	2008-04-08	05
176	val_176	2008-04-08	05
54	val_54	2008-04-08	05
459	val_459	2008-04-08	05
51	val_51	2008-04-08	05
138	val_138	2008-04-08	05
103	val_103	2008-04-08	05
239	val_239	2008-04-08	05
213	val_213	2008-04-08	05
216	val_216	2008-04-08	05
430	val_430	2008-04-08	05
278	val_278	2008-04-08	05
176	val_176	2008-04-08	05
289	val_289	2008-04-08	05
221	val_221	2008-04-08	05
65	val_65	2008-04-08	05
318	val_318	2008-04-08	05
332	val_332	2008-04-08	05
311	val_311	2008-04-08	05
275	val_275	2008-04-08	05
137	val_137	2008-04-08	05
241	val_241	2008-04-08	05
83	val_83	2008-04-08	05
169	val_169	2008-04-08	09
413	val_413	2008-04-08	09
85	val_85	2008-04-08	09
77	val_77	2008-04-08	09
0	val_0	2008-04-08	09
490	val_490	2008-04-08	09
87	val_87	2008-04-08	09
364	val_364	2008-04-08	09
179	val_179	2008-04-08	09
118	val_118	2008-04-08	09
134	val_134	2008-04-08	09
395	val_395	2008-04-08	09
282	val_282	2008-04-08	09
138	val_138	2008-04-08	09
238	val_238	2008-04-08	09
419	val_419	2008-04-08	09
15	val_15	2008-04-08	09
118	val_118	2008-04-08	09
72	val_72	2008-04-08	09
90	val_90	2008-04-08	09
307	val_307	2008-04-08	09
19	val_19	2008-04-08	09
435	val_435	2008-04-08	09
10	val_10	2008-04-08	09
277	val_277	2008-04-08	09
273	val_273	2008-04-08	09
306	val_306	2008-04-08	09
224	val_224	2008-04-08	09
333	val_333	2008-04-08	21
180	val_180	2008-04-08	21
284	val_284	2008-04-08	21
12	val_12	2008-04-08	21
230	val_230	2008-04-08	21
181	val_181	2008-04-08	21
67	val_67	2008-04-08	21
260	val_260	2008-04-08	21
404	val_404	2008-04-08	21
384	val_384	2008-04-08	21
489	val_489	2008-04-08	21
353	val_353	2008-04-08	21
373	val_373	2008-04-08	21
272	val_272	2008-04-08	21
138	val_138	2008-04-08	21
217	val_217	2008-04-08	21
84	val_84	2008-04-08	18
348	val_348	2008-04-08	18
466	val_466	2008-04-08	18
58	val_58	2008-04-08	18
8	val_8	2008-04-08	18
411	val_411	2008-04-08	18
230	val_230	2008-04-08	18
208	val_208	2008-04-08	18
348	val_348	2008-04-08	18
24	val_24	2008-04-08	18
463	val_463	2008-04-08	18
431	val_431	2008-04-08	18
179	val_179	2008-04-08	18
172	val_172	2008-04-08	18
42	val_42	2008-04-08	18
129	val_129	2008-04-08	18
158	val_158	2008-04-08	18
119	val_119	2008-04-08	18
496	val_496	2008-04-08	18
0	val_0	2008-04-08	18
322	val_322	2008-04-08	22
197	val_197	2008-04-08	22
468	val_468	2008-04-08	22
393	val_393	2008-04-08	22
454	val_454	2008-04-08	22
100	val_100	2008-04-08	22
298	val_298	2008-04-08	22
199	val_199	2008-04-08	22
191	val_191	2008-04-08	22
418	val_418	2008-04-08	22
96	val_96	2008-04-08	22
26	val_26	2008-04-08	22
165	val_165	2008-04-08	22
327	val_327	2008-04-08	22
230	val_230	2008-04-08	22
205	val_205	2008-04-08	22
120	val_120	2008-04-08	13
131	val_131	2008-04-08	13
51	val_51	2008-04-08	13
404	val_404	2008-04-08	13
43	val_43	2008-04-08	13
436	val_436	2008-04-08	13
156	val_156	2008-04-08	13
469	val_469	2008-04-08	13
468	val_468	2008-04-08	13
308	val_308	2008-04-08	13
95	val_95	2008-04-08	13
196	val_196	2008-04-08	13
288	val_288	2008-04-08	13
481	val_481	2008-04-08	13
457	val_457	2008-04-08	13
98	val_98	2008-04-08	13
282	val_282	2008-04-08	13
197	val_197	2008-04-08	13
187	val_187	2008-04-08	13
318	val_318	2008-04-08	13
318	val_318	2008-04-08	13
409	val_409	2008-04-08	13
470	val_470	2008-04-08	13
137	val_137	2008-04-08	13
369	val_369	2008-04-08	13
316	val_316	2008-04-08	13
242	val_242	2008-04-09	09
369	val_369	2008-04-09	09
392	val_392	2008-04-09	09
272	val_272	2008-04-09	09
331	val_331	2008-04-09	09
401	val_401	2008-04-09	09
242	val_242	2008-04-09	09
452	val_452	2008-04-09	09
177	val_177	2008-04-09	09
226	val_226	2008-04-09	09
5	val_5	2008-04-09	09
497	val_497	2008-04-09	09
402	val_402	2008-04-09	09
396	val_396	2008-04-09	09
317	val_317	2008-04-09	09
395	val_395	2008-04-09	09
58	val_58	2008-04-09	09
35	val_35	2008-04-09	09
336	val_336	2008-04-09	09
116	val_116	2008-04-09	07
223	val_223	2008-04-09	07
256	val_256	2008-04-09	07
263	val_263	2008-04-09	07
70	val_70	2008-04-09	07
487	val_487	2008-04-09	07
480	val_480	2008-04-09	07
401	val_401	2008-04-09	07
288	val_288	2008-04-09	07
191	val_191	2008-04-09	07
5	val_5	2008-04-09	07
244	val_244	2008-04-09	07
438	val_438	2008-04-09	07
128	val_128	2008-04-09	07
467	val_467	2008-04-09	07
432	val_432	2008-04-09	07
202	val_202	2008-04-09	07
316	val_316	2008-04-09	07
229	val_229	2008-04-09	07
469	val_469	2008-04-09	07
463	val_463	2008-04-09	07
280	val_280	2008-04-09	07
2	val_2	2008-04-09	07
35	val_35	2008-04-09	07
283	val_283	2008-04-09	07
331	val_331	2008-04-09	07
95	val_95	2008-04-09	14
11	val_11	2008-04-09	14
168	val_168	2008-04-09	14
34	val_34	2008-04-09	14
229	val_229	2008-04-09	14
233	val_233	2008-04-09	14
143	val_143	2008-04-09	14
472	val_472	2008-04-09	14
322	val_322	2008-04-09	14
498	val_498	2008-04-09	14
160	val_160	2008-04-09	14
195	val_195	2008-04-09	14
42	val_42	2008-04-09	14
321	val_321	2008-04-09	14
430	val_430	2008-04-09	14
119	val_119	2008-04-09	14
489	val_489	2008-04-09	14
458	val_458	2008-04-09	14
78	val_78	2008-04-09	14
76	val_76	2008-04-09	14
41	val_41	2008-04-09	14
223	val_223	2008-04-09	14
492	val_492	2008-04-09	14
149	val_149	2008-04-09	14
449	val_449	2008-04-09	14
218	val_218	2008-04-09	14
228	val_228	2008-04-09	14
138	val_138	2008-04-09	14
453	val_453	2008-04-09	14
30	val_30	2008-04-09	14
209	val_209	2008-04-09	14
64	val_64	2008-04-09	14
468	val_468	2008-04-09	14
76	val_76	2008-04-09	14
74	val_74	2008-04-09	14
342	val_342	2008-04-09	14
69	val_69	2008-04-09	14
230	val_230	2008-04-09	14
33	val_33	2008-04-09	14
368	val_368	2008-04-09	14
103	val_103	2008-04-09	14
296	val_296	2008-04-09	14
113	val_113	2008-04-09	14
216	val_216	2008-04-09	14
367	val_367	2008-04-09	14
344	val_344	2008-04-09	14
167	val_167	2008-04-09	14
274	val_274	2008-04-09	14
219	val_219	2008-04-09	14
239	val_239	2008-04-09	14
485	val_485	2008-04-09	14
235	val_235	2008-04-09	12
80	val_80	2008-04-09	12
44	val_44	2008-04-09	12
193	val_193	2008-04-09	12
321	val_321	2008-04-09	12
335	val_335	2008-04-09	12
104	val_104	2008-04-09	12
466	val_466	2008-04-09	12
366	val_366	2008-04-09	12
175	val_175	2008-04-09	12
403	val_403	2008-04-09	12
483	val_483	2008-04-09	12
53	val_53	2008-04-09	12
105	val_105	2008-04-09	12
257	val_257	2008-04-09	12
406	val_406	2008-04-09	12
409	val_409	2008-04-09	12
190	val_190	2008-04-09	12
406	val_406	2008-04-09	12
401	val_401	2008-04-09	12
114	val_114	2008-04-09	12
258	val_258	2008-04-09	12
90	val_90	2008-04-09	12
203	val_203	2008-04-09	12
262	val_262	2008-04-09	12
348	val_348	2008-04-09	12
424	val_424	2008-04-09	12
12	val_12	2008-04-09	12
396	val_396	2008-04-09	12
201	val_201	2008-04-09	12
217	val_217	2008-04-09	12
164	val_164	2008-04-09	12
431	val_431	2008-04-09	12
454	val_454	2008-04-09	12
478	val_478	2008-04-09	12
298	val_298	2008-04-09	12
125	val_125	2008-04-09	12
431	val_431	2008-04-09	12
164	val_164	2008-04-09	12
424	val_424	2008-04-09	12
187	val_187	2008-04-09	12
382	val_382	2008-04-09	12
5	val_5	2008-04-09	12
70	val_70	2008-04-09	12
397	val_397	2008-04-09	12
480	val_480	2008-04-09	12
291	val_291	2008-04-09	12
24	val_24	2008-04-09	12
351	val_351	2008-04-09	12
255	val_255	2008-04-09	12
104	val_104	2008-04-09	12
70	val_70	2008-04-09	12
163	val_163	2008-04-09	12
438	val_438	2008-04-09	12
119	val_119	2008-04-09	12
414	val_414	2008-04-09	12
200	val_200	2008-04-09	12
491	val_491	2008-04-09	12
237	val_237	2008-04-09	12
439	val_439	2008-04-09	12
360	val_360	2008-04-09	12
248	val_248	2008-04-09	12
479	val_479	2008-04-09	12
305	val_305	2008-04-09	12
417	val_417	2008-04-09	12
199	val_199	2008-04-09	12
444	val_444	2008-04-09	12
120	val_120	2008-04-09	12
429	val_429	2008-04-09	12
169	val_169	2008-04-09	12
443	val_443	2008-04-09	12
323	val_323	2008-04-09	12
325	val_325	2008-04-09	12
277	val_277	2008-04-09	12
230	val_230	2008-04-09	12
478	val_478	2008-04-09	12
178	val_178	2008-04-09	12
468	val_468	2008-04-09	12
310	val_310	2008-04-09	12
317	val_317	2008-04-09	12
333	val_333	2008-04-09	12
493	val_493	2008-04-09	12
460	val_460	2008-04-09	12
207	val_207	2008-04-09	12
249	val_249	2008-04-09	12
265	val_265	2008-04-09	12
480	val_480	2008-04-09	12
83	val_83	2008-04-09	12
136	val_136	2008-04-09	12
353	val_353	2008-04-09	12
172	val_172	2008-04-09	12
214	val_214	2008-04-09	12
462	val_462	2008-04-09	12
233	val_233	2008-04-09	12
406	val_406	2008-04-09	12
133	val_133	2008-04-09	12
175	val_175	2008-04-09	12
189	val_189	2008-04-09	12
454	val_454	2008-04-09	12
375	val_375	2008-04-09	12
401	val_401	2008-04-09	12
421	val_421	2008-04-09	12
407	val_407	2008-04-09	12
384	val_384	2008-04-09	12
256	val_256	2008-04-09	12
26	val_26	2008-04-09	12
134	val_134	2008-04-09	12
67	val_67	2008-04-09	12
384	val_384	2008-04-09	12
379	val_379	2008-04-09	12
18	val_18	2008-04-09	12
462	val_462	2008-04-09	12
492	val_492	2008-04-09	12
100	val_100	2008-04-09	12
298	val_298	2008-04-09	12
9	val_9	2008-04-09	12
341	val_341	2008-04-09	12
498	val_498	2008-04-09	12
146	val_146	2008-04-09	12
458	val_458	2008-04-09	12
362	val_362	2008-04-09	12
186	val_186	2008-04-09	12
285	val_285	2008-04-09	12
348	val_348	2008-04-09	12
167	val_167	2008-04-09	12
18	val_18	2008-04-09	12
273	val_273	2008-04-09	12
183	val_183	2008-04-09	12
281	val_281	2008-04-09	12
344	val_344	2008-04-09	12
97	val_97	2008-04-09	12
469	val_469	2008-04-09	12
315	val_315	2008-04-09	12
84	val_84	2008-04-09	12
28	val_28	2008-04-09	12
37	val_37	2008-04-09	12
448	val_448	2008-04-09	12
152	val_152	2008-04-09	12
348	val_348	2008-04-09	12
307	val_307	2008-04-09	12
194	val_194	2008-04-09	12
414	val_414	2008-04-09	12
477	val_477	2008-04-09	12
222	val_222	2008-04-09	12
126	val_126	2008-04-09	12
90	val_90	2008-04-09	12
169	val_169	2008-04-09	12
403	val_403	2008-04-09	12
400	val_400	2008-04-09	12
200	val_200	2008-04-09	12
97	val_97	2008-04-09	12
query: alter table srcpart add partition addp1 values in ('2010-01-01','2010-01-02'),
			partition addp2 values in ('2010-02-01','2010-02-02','2010-02-03')
query: show partitions srcpart
pri partitions:
p0
p1
addp1
addp2
sub partitions:
sp1
sp2
query: alter table srcpart add subpartition addsp1 values less than('990'),
			subpartition addsp2 values less than ('9990')
query: show partitions srcpart
pri partitions:
p0
p1
addp1
addp2
sub partitions:
sp1
sp2
addsp1
addsp2
query: alter table srcpart add default partition
query: show partitions srcpart
pri partitions:
p0
p1
addp1
addp2
default
sub partitions:
sp1
sp2
addsp1
addsp2
query: alter table srcpart add default subpartition
query: show partitions srcpart
pri partitions:
p0
p1
addp1
addp2
default
sub partitions:
sp1
sp2
addsp1
addsp2
default
query: alter table srcpart drop partition(addp1),partition(addp2)
query: show partitions srcpart
pri partitions:
p0
p1
default
sub partitions:
sp1
sp2
addsp1
addsp2
default
query: alter table srcpart drop subpartition(addsp1),subpartition(addsp2)
query: show partitions srcpart
pri partitions:
p0
p1
default
sub partitions:
sp1
sp2
default
query: alter table srcpart drop partition(default)
query: show partitions srcpart
pri partitions:
p0
p1
sub partitions:
sp1
sp2
default
query: alter table srcpart drop subpartition(default)
query: show partitions srcpart
pri partitions:
p0
p1
sub partitions:
sp1
sp2
query: select * from srcpart
Output: file:/data/allison/tdw_new/build/ql/tmp/1761672450/10000
238	val_238	2008-04-08	00
86	val_86	2008-04-08	00
311	val_311	2008-04-08	00
27	val_27	2008-04-08	00
165	val_165	2008-04-08	00
409	val_409	2008-04-08	00
255	val_255	2008-04-08	00
278	val_278	2008-04-08	00
98	val_98	2008-04-08	00
484	val_484	2008-04-08	00
265	val_265	2008-04-08	01
193	val_193	2008-04-08	01
401	val_401	2008-04-08	01
150	val_150	2008-04-08	01
273	val_273	2008-04-08	01
224	val_224	2008-04-08	01
369	val_369	2008-04-08	01
66	val_66	2008-04-08	01
128	val_128	2008-04-08	01
213	val_213	2008-04-08	01
146	val_146	2008-04-08	02
406	val_406	2008-04-08	02
429	val_429	2008-04-08	02
374	val_374	2008-04-08	02
152	val_152	2008-04-08	02
469	val_469	2008-04-08	02
145	val_145	2008-04-08	02
495	val_495	2008-04-08	02
37	val_37	2008-04-08	02
327	val_327	2008-04-08	02
281	val_281	2008-04-08	02
277	val_277	2008-04-08	02
209	val_209	2008-04-08	02
15	val_15	2008-04-08	02
82	val_82	2008-04-08	02
403	val_403	2008-04-08	02
166	val_166	2008-04-08	02
417	val_417	2008-04-08	02
430	val_430	2008-04-08	02
252	val_252	2008-04-08	02
292	val_292	2008-04-08	02
219	val_219	2008-04-08	02
287	val_287	2008-04-08	02
153	val_153	2008-04-08	02
193	val_193	2008-04-08	02
338	val_338	2008-04-08	02
446	val_446	2008-04-08	02
459	val_459	2008-04-08	02
394	val_394	2008-04-08	02
237	val_237	2008-04-08	02
482	val_482	2008-04-08	02
174	val_174	2008-04-08	02
413	val_413	2008-04-08	02
494	val_494	2008-04-08	02
207	val_207	2008-04-08	02
199	val_199	2008-04-08	02
466	val_466	2008-04-08	04
208	val_208	2008-04-08	04
174	val_174	2008-04-08	04
399	val_399	2008-04-08	04
396	val_396	2008-04-08	04
247	val_247	2008-04-08	04
417	val_417	2008-04-08	04
489	val_489	2008-04-08	04
162	val_162	2008-04-08	04
377	val_377	2008-04-08	04
397	val_397	2008-04-08	04
309	val_309	2008-04-08	04
365	val_365	2008-04-08	04
266	val_266	2008-04-08	04
439	val_439	2008-04-08	04
342	val_342	2008-04-08	04
367	val_367	2008-04-08	04
325	val_325	2008-04-08	04
167	val_167	2008-04-08	04
195	val_195	2008-04-08	04
475	val_475	2008-04-08	04
17	val_17	2008-04-08	04
113	val_113	2008-04-08	04
155	val_155	2008-04-08	04
203	val_203	2008-04-08	04
339	val_339	2008-04-08	04
0	val_0	2008-04-08	04
455	val_455	2008-04-08	04
128	val_128	2008-04-08	04
311	val_311	2008-04-08	04
316	val_316	2008-04-08	04
57	val_57	2008-04-08	04
302	val_302	2008-04-08	04
205	val_205	2008-04-08	04
149	val_149	2008-04-08	04
438	val_438	2008-04-08	04
345	val_345	2008-04-08	04
129	val_129	2008-04-08	04
170	val_170	2008-04-08	04
20	val_20	2008-04-08	04
489	val_489	2008-04-08	04
157	val_157	2008-04-08	04
378	val_378	2008-04-08	04
221	val_221	2008-04-08	04
92	val_92	2008-04-08	05
111	val_111	2008-04-08	05
47	val_47	2008-04-08	05
72	val_72	2008-04-08	05
4	val_4	2008-04-08	05
280	val_280	2008-04-08	05
35	val_35	2008-04-08	05
427	val_427	2008-04-08	05
277	val_277	2008-04-08	05
208	val_208	2008-04-08	05
356	val_356	2008-04-08	05
399	val_399	2008-04-08	05
169	val_169	2008-04-08	05
382	val_382	2008-04-08	05
498	val_498	2008-04-08	05
125	val_125	2008-04-08	05
386	val_386	2008-04-08	05
437	val_437	2008-04-08	05
469	val_469	2008-04-08	05
192	val_192	2008-04-08	05
286	val_286	2008-04-08	05
187	val_187	2008-04-08	05
176	val_176	2008-04-08	05
54	val_54	2008-04-08	05
459	val_459	2008-04-08	05
51	val_51	2008-04-08	05
138	val_138	2008-04-08	05
103	val_103	2008-04-08	05
239	val_239	2008-04-08	05
213	val_213	2008-04-08	05
216	val_216	2008-04-08	05
430	val_430	2008-04-08	05
278	val_278	2008-04-08	05
176	val_176	2008-04-08	05
289	val_289	2008-04-08	05
221	val_221	2008-04-08	05
65	val_65	2008-04-08	05
318	val_318	2008-04-08	05
332	val_332	2008-04-08	05
311	val_311	2008-04-08	05
275	val_275	2008-04-08	05
137	val_137	2008-04-08	05
241	val_241	2008-04-08	05
83	val_83	2008-04-08	05
169	val_169	2008-04-08	09
413	val_413	2008-04-08	09
85	val_85	2008-04-08	09
77	val_77	2008-04-08	09
0	val_0	2008-04-08	09
490	val_490	2008-04-08	09
87	val_87	2008-04-08	09
364	val_364	2008-04-08	09
179	val_179	2008-04-08	09
118	val_118	2008-04-08	09
134	val_134	2008-04-08	09
395	val_395	2008-04-08	09
282	val_282	2008-04-08	09
138	val_138	2008-04-08	09
238	val_238	2008-04-08	09
419	val_419	2008-04-08	09
15	val_15	2008-04-08	09
118	val_118	2008-04-08	09
72	val_72	2008-04-08	09
90	val_90	2008-04-08	09
307	val_307	2008-04-08	09
19	val_19	2008-04-08	09
435	val_435	2008-04-08	09
10	val_10	2008-04-08	09
277	val_277	2008-04-08	09
273	val_273	2008-04-08	09
306	val_306	2008-04-08	09
224	val_224	2008-04-08	09
333	val_333	2008-04-08	21
180	val_180	2008-04-08	21
284	val_284	2008-04-08	21
12	val_12	2008-04-08	21
230	val_230	2008-04-08	21
181	val_181	2008-04-08	21
67	val_67	2008-04-08	21
260	val_260	2008-04-08	21
404	val_404	2008-04-08	21
384	val_384	2008-04-08	21
489	val_489	2008-04-08	21
353	val_353	2008-04-08	21
373	val_373	2008-04-08	21
272	val_272	2008-04-08	21
138	val_138	2008-04-08	21
217	val_217	2008-04-08	21
84	val_84	2008-04-08	18
348	val_348	2008-04-08	18
466	val_466	2008-04-08	18
58	val_58	2008-04-08	18
8	val_8	2008-04-08	18
411	val_411	2008-04-08	18
230	val_230	2008-04-08	18
208	val_208	2008-04-08	18
348	val_348	2008-04-08	18
24	val_24	2008-04-08	18
463	val_463	2008-04-08	18
431	val_431	2008-04-08	18
179	val_179	2008-04-08	18
172	val_172	2008-04-08	18
42	val_42	2008-04-08	18
129	val_129	2008-04-08	18
158	val_158	2008-04-08	18
119	val_119	2008-04-08	18
496	val_496	2008-04-08	18
0	val_0	2008-04-08	18
322	val_322	2008-04-08	22
197	val_197	2008-04-08	22
468	val_468	2008-04-08	22
393	val_393	2008-04-08	22
454	val_454	2008-04-08	22
100	val_100	2008-04-08	22
298	val_298	2008-04-08	22
199	val_199	2008-04-08	22
191	val_191	2008-04-08	22
418	val_418	2008-04-08	22
96	val_96	2008-04-08	22
26	val_26	2008-04-08	22
165	val_165	2008-04-08	22
327	val_327	2008-04-08	22
230	val_230	2008-04-08	22
205	val_205	2008-04-08	22
120	val_120	2008-04-08	13
131	val_131	2008-04-08	13
51	val_51	2008-04-08	13
404	val_404	2008-04-08	13
43	val_43	2008-04-08	13
436	val_436	2008-04-08	13
156	val_156	2008-04-08	13
469	val_469	2008-04-08	13
468	val_468	2008-04-08	13
308	val_308	2008-04-08	13
95	val_95	2008-04-08	13
196	val_196	2008-04-08	13
288	val_288	2008-04-08	13
481	val_481	2008-04-08	13
457	val_457	2008-04-08	13
98	val_98	2008-04-08	13
282	val_282	2008-04-08	13
197	val_197	2008-04-08	13
187	val_187	2008-04-08	13
318	val_318	2008-04-08	13
318	val_318	2008-04-08	13
409	val_409	2008-04-08	13
470	val_470	2008-04-08	13
137	val_137	2008-04-08	13
369	val_369	2008-04-08	13
316	val_316	2008-04-08	13
242	val_242	2008-04-09	09
369	val_369	2008-04-09	09
392	val_392	2008-04-09	09
272	val_272	2008-04-09	09
331	val_331	2008-04-09	09
401	val_401	2008-04-09	09
242	val_242	2008-04-09	09
452	val_452	2008-04-09	09
177	val_177	2008-04-09	09
226	val_226	2008-04-09	09
5	val_5	2008-04-09	09
497	val_497	2008-04-09	09
402	val_402	2008-04-09	09
396	val_396	2008-04-09	09
317	val_317	2008-04-09	09
395	val_395	2008-04-09	09
58	val_58	2008-04-09	09
35	val_35	2008-04-09	09
336	val_336	2008-04-09	09
116	val_116	2008-04-09	07
223	val_223	2008-04-09	07
256	val_256	2008-04-09	07
263	val_263	2008-04-09	07
70	val_70	2008-04-09	07
487	val_487	2008-04-09	07
480	val_480	2008-04-09	07
401	val_401	2008-04-09	07
288	val_288	2008-04-09	07
191	val_191	2008-04-09	07
5	val_5	2008-04-09	07
244	val_244	2008-04-09	07
438	val_438	2008-04-09	07
128	val_128	2008-04-09	07
467	val_467	2008-04-09	07
432	val_432	2008-04-09	07
202	val_202	2008-04-09	07
316	val_316	2008-04-09	07
229	val_229	2008-04-09	07
469	val_469	2008-04-09	07
463	val_463	2008-04-09	07
280	val_280	2008-04-09	07
2	val_2	2008-04-09	07
35	val_35	2008-04-09	07
283	val_283	2008-04-09	07
331	val_331	2008-04-09	07
95	val_95	2008-04-09	14
11	val_11	2008-04-09	14
168	val_168	2008-04-09	14
34	val_34	2008-04-09	14
229	val_229	2008-04-09	14
233	val_233	2008-04-09	14
143	val_143	2008-04-09	14
472	val_472	2008-04-09	14
322	val_322	2008-04-09	14
498	val_498	2008-04-09	14
160	val_160	2008-04-09	14
195	val_195	2008-04-09	14
42	val_42	2008-04-09	14
321	val_321	2008-04-09	14
430	val_430	2008-04-09	14
119	val_119	2008-04-09	14
489	val_489	2008-04-09	14
458	val_458	2008-04-09	14
78	val_78	2008-04-09	14
76	val_76	2008-04-09	14
41	val_41	2008-04-09	14
223	val_223	2008-04-09	14
492	val_492	2008-04-09	14
149	val_149	2008-04-09	14
449	val_449	2008-04-09	14
218	val_218	2008-04-09	14
228	val_228	2008-04-09	14
138	val_138	2008-04-09	14
453	val_453	2008-04-09	14
30	val_30	2008-04-09	14
209	val_209	2008-04-09	14
64	val_64	2008-04-09	14
468	val_468	2008-04-09	14
76	val_76	2008-04-09	14
74	val_74	2008-04-09	14
342	val_342	2008-04-09	14
69	val_69	2008-04-09	14
230	val_230	2008-04-09	14
33	val_33	2008-04-09	14
368	val_368	2008-04-09	14
103	val_103	2008-04-09	14
296	val_296	2008-04-09	14
113	val_113	2008-04-09	14
216	val_216	2008-04-09	14
367	val_367	2008-04-09	14
344	val_344	2008-04-09	14
167	val_167	2008-04-09	14
274	val_274	2008-04-09	14
219	val_219	2008-04-09	14
239	val_239	2008-04-09	14
485	val_485	2008-04-09	14
235	val_235	2008-04-09	12
80	val_80	2008-04-09	12
44	val_44	2008-04-09	12
193	val_193	2008-04-09	12
321	val_321	2008-04-09	12
335	val_335	2008-04-09	12
104	val_104	2008-04-09	12
466	val_466	2008-04-09	12
366	val_366	2008-04-09	12
175	val_175	2008-04-09	12
403	val_403	2008-04-09	12
483	val_483	2008-04-09	12
53	val_53	2008-04-09	12
105	val_105	2008-04-09	12
257	val_257	2008-04-09	12
406	val_406	2008-04-09	12
409	val_409	2008-04-09	12
190	val_190	2008-04-09	12
406	val_406	2008-04-09	12
401	val_401	2008-04-09	12
114	val_114	2008-04-09	12
258	val_258	2008-04-09	12
90	val_90	2008-04-09	12
203	val_203	2008-04-09	12
262	val_262	2008-04-09	12
348	val_348	2008-04-09	12
424	val_424	2008-04-09	12
12	val_12	2008-04-09	12
396	val_396	2008-04-09	12
201	val_201	2008-04-09	12
217	val_217	2008-04-09	12
164	val_164	2008-04-09	12
431	val_431	2008-04-09	12
454	val_454	2008-04-09	12
478	val_478	2008-04-09	12
298	val_298	2008-04-09	12
125	val_125	2008-04-09	12
431	val_431	2008-04-09	12
164	val_164	2008-04-09	12
424	val_424	2008-04-09	12
187	val_187	2008-04-09	12
382	val_382	2008-04-09	12
5	val_5	2008-04-09	12
70	val_70	2008-04-09	12
397	val_397	2008-04-09	12
480	val_480	2008-04-09	12
291	val_291	2008-04-09	12
24	val_24	2008-04-09	12
351	val_351	2008-04-09	12
255	val_255	2008-04-09	12
104	val_104	2008-04-09	12
70	val_70	2008-04-09	12
163	val_163	2008-04-09	12
438	val_438	2008-04-09	12
119	val_119	2008-04-09	12
414	val_414	2008-04-09	12
200	val_200	2008-04-09	12
491	val_491	2008-04-09	12
237	val_237	2008-04-09	12
439	val_439	2008-04-09	12
360	val_360	2008-04-09	12
248	val_248	2008-04-09	12
479	val_479	2008-04-09	12
305	val_305	2008-04-09	12
417	val_417	2008-04-09	12
199	val_199	2008-04-09	12
444	val_444	2008-04-09	12
120	val_120	2008-04-09	12
429	val_429	2008-04-09	12
169	val_169	2008-04-09	12
443	val_443	2008-04-09	12
323	val_323	2008-04-09	12
325	val_325	2008-04-09	12
277	val_277	2008-04-09	12
230	val_230	2008-04-09	12
478	val_478	2008-04-09	12
178	val_178	2008-04-09	12
468	val_468	2008-04-09	12
310	val_310	2008-04-09	12
317	val_317	2008-04-09	12
333	val_333	2008-04-09	12
493	val_493	2008-04-09	12
460	val_460	2008-04-09	12
207	val_207	2008-04-09	12
249	val_249	2008-04-09	12
265	val_265	2008-04-09	12
480	val_480	2008-04-09	12
83	val_83	2008-04-09	12
136	val_136	2008-04-09	12
353	val_353	2008-04-09	12
172	val_172	2008-04-09	12
214	val_214	2008-04-09	12
462	val_462	2008-04-09	12
233	val_233	2008-04-09	12
406	val_406	2008-04-09	12
133	val_133	2008-04-09	12
175	val_175	2008-04-09	12
189	val_189	2008-04-09	12
454	val_454	2008-04-09	12
375	val_375	2008-04-09	12
401	val_401	2008-04-09	12
421	val_421	2008-04-09	12
407	val_407	2008-04-09	12
384	val_384	2008-04-09	12
256	val_256	2008-04-09	12
26	val_26	2008-04-09	12
134	val_134	2008-04-09	12
67	val_67	2008-04-09	12
384	val_384	2008-04-09	12
379	val_379	2008-04-09	12
18	val_18	2008-04-09	12
462	val_462	2008-04-09	12
492	val_492	2008-04-09	12
100	val_100	2008-04-09	12
298	val_298	2008-04-09	12
9	val_9	2008-04-09	12
341	val_341	2008-04-09	12
498	val_498	2008-04-09	12
146	val_146	2008-04-09	12
458	val_458	2008-04-09	12
362	val_362	2008-04-09	12
186	val_186	2008-04-09	12
285	val_285	2008-04-09	12
348	val_348	2008-04-09	12
167	val_167	2008-04-09	12
18	val_18	2008-04-09	12
273	val_273	2008-04-09	12
183	val_183	2008-04-09	12
281	val_281	2008-04-09	12
344	val_344	2008-04-09	12
97	val_97	2008-04-09	12
469	val_469	2008-04-09	12
315	val_315	2008-04-09	12
84	val_84	2008-04-09	12
28	val_28	2008-04-09	12
37	val_37	2008-04-09	12
448	val_448	2008-04-09	12
152	val_152	2008-04-09	12
348	val_348	2008-04-09	12
307	val_307	2008-04-09	12
194	val_194	2008-04-09	12
414	val_414	2008-04-09	12
477	val_477	2008-04-09	12
222	val_222	2008-04-09	12
126	val_126	2008-04-09	12
90	val_90	2008-04-09	12
169	val_169	2008-04-09	12
403	val_403	2008-04-09	12
400	val_400	2008-04-09	12
200	val_200	2008-04-09	12
97	val_97	2008-04-09	12
