query: drop table alter3_src
query: drop table alter3
query: drop table alter3_renamed
query: create table alter3_src ( col1 string ) stored as textfile
query: load data local inpath '../data/files/test.dat' overwrite into table alter3_src
query: create table alter3 ( col1 string, pcol1 string, pcol2 string) partition by list(pcol1) subpartition by list(pcol2) (subpartition sp1 values in ("test_part")) (partition p1 values in ("test_part")) stored as sequencefile
query: insert overwrite table alter3 select col1, "test_part", "test_part" from alter3_src
Output: default/alter3
query: select * from alter3 where pcol1="test_part" and pcol2="test_part"
Output: file:/data/users/pchakka/workspace/oshive2/build/ql/tmp/1140751313/10000
1	test_part	test_part
2	test_part	test_part
3	test_part	test_part
4	test_part	test_part
5	test_part	test_part
6	test_part	test_part
query: alter table alter3 rename to alter3_renamed
query: describe extended alter3_renamed
col1	string	
pcol1	string	
pcol2	string	
	 	 
Detailed Table Information	Table(tableName:alter3_renamed, dbName:default, owner:hustlmsp, createTime:1271140942, lastAccessTime:0, retention:0, sd:StorageDescriptor(cols:[FieldSchema(name:col1, type:string, comment:null), FieldSchema(name:pcol1, type:string, comment:null), FieldSchema(name:pcol2, type:string, comment:null)], location:file:/home/hustlmsp/tdw/tdw-qe/build/ql/test/data/warehouse/alter3_renamed, inputFormat:org.apache.hadoop.mapred.SequenceFileInputFormat, outputFormat:org.apache.hadoop.hive.ql.io.HiveSequenceFileOutputFormat, compressed:false, numBuckets:-1, serdeInfo:SerDeInfo(name:null, serializationLib:org.apache.hadoop.hive.serde2.lazy.LazySimpleSerDe, parameters:{serialization.format=1}), bucketCols:[], sortCols:[], parameters:{}), priPartition:Partition(dbName:default, tableName:alter3_renamed, level:0, parType:list, parKey:FieldSchema(name:pcol1, type:string, comment:null), parSpaces:{p1=[test_part]}), subPartition:Partition(dbName:default, tableName:alter3_renamed, level:1, parType:list, parKey:FieldSchema(name:pcol2, type:string, comment:null), parSpaces:{sp1=[test_part]}), parameters:{last_modified_by=hustlmsp,last_modified_time=1271140948})	
query: select * from alter3_renamed where pcol1='test_part' and pcol2='test_part'
Output: file:/data/users/pchakka/workspace/oshive2/build/ql/tmp/862867654/10000
1	test_part	test_part
2	test_part	test_part
3	test_part	test_part
4	test_part	test_part
5	test_part	test_part
6	test_part	test_part
query: drop table alter3_src
query: drop table alter3
query: drop table alter3_renamed
