query: drop table table1
query: drop table table2
query: create table table1 (col_name1 int, col_name2 int) partition by list(col_name1) subpartition by hashkey(col_name2) (partition par_name1 values in (1,3,5), partition par_name2 values in (2,4,6), partition default)
query: create table table2 (col_name1 int, col_name2 int) partition by range(col_name1) subpartition by hashkey(col_name2) (partition par_name1 values less than (2), partition par_name2 values less than (5), partition default)
query: alter table table1 truncate partition (par_name1)
query: describe extended table1
col_name1	int	
col_name2	int	
	 	 
Detailed Table Information	Table(tableName:table1, dbName:default_db, owner:brantzhang, createTime:1282188397, lastAccessTime:0, retention:0, sd:StorageDescriptor(cols:[FieldSchema(name:col_name1, type:int, comment:null), FieldSchema(name:col_name2, type:int, comment:null)], location:file:/data/brantzhang/tdw_qe/build/ql/test/data/warehouse/default_db/table1, inputFormat:org.apache.hadoop.mapred.TextInputFormat, outputFormat:org.apache.hadoop.hive.ql.io.HiveIgnoreKeyTextOutputFormat, compressed:false, numBuckets:-1, serdeInfo:SerDeInfo(name:null, serializationLib:org.apache.hadoop.hive.serde2.lazy.LazySimpleSerDe, parameters:{serialization.format=1}), bucketCols:[], sortCols:[], parameters:{}), priPartition:Partition(dbName:default_db, tableName:table1, level:0, parType:list, parKey:FieldSchema(name:col_name1, type:int, comment:null), parSpaces:{par_name1=[1, 3, 5], par_name2=[2, 4, 6], default=[]}), subPartition:Partition(dbName:default_db, tableName:table1, level:1, parType:hash, parKey:FieldSchema(name:col_name2, type:int, comment:null), parSpaces:{Hash_0000=[], Hash_0001=[], Hash_0002=[], Hash_0003=[], Hash_0004=[], Hash_0005=[], Hash_0006=[], Hash_0007=[], Hash_0008=[], Hash_0009=[], Hash_0010=[], Hash_0011=[], Hash_0012=[], Hash_0013=[], Hash_0014=[], Hash_0015=[], Hash_0016=[], Hash_0017=[], Hash_0018=[], Hash_0019=[], Hash_0020=[], Hash_0021=[], Hash_0022=[], Hash_0023=[], Hash_0024=[], Hash_0025=[], Hash_0026=[], Hash_0027=[], Hash_0028=[], Hash_0029=[], Hash_0030=[], Hash_0031=[], Hash_0032=[], Hash_0033=[], Hash_0034=[], Hash_0035=[], Hash_0036=[], Hash_0037=[], Hash_0038=[], Hash_0039=[], Hash_0040=[], Hash_0041=[], Hash_0042=[], Hash_0043=[], Hash_0044=[], Hash_0045=[], Hash_0046=[], Hash_0047=[], Hash_0048=[], Hash_0049=[], Hash_0050=[], Hash_0051=[], Hash_0052=[], Hash_0053=[], Hash_0054=[], Hash_0055=[], Hash_0056=[], Hash_0057=[], Hash_0058=[], Hash_0059=[], Hash_0060=[], Hash_0061=[], Hash_0062=[], Hash_0063=[], Hash_0064=[], Hash_0065=[], Hash_0066=[], Hash_0067=[], Hash_0068=[], Hash_0069=[], Hash_0070=[], Hash_0071=[], Hash_0072=[], Hash_0073=[], Hash_0074=[], Hash_0075=[], Hash_0076=[], Hash_0077=[], Hash_0078=[], Hash_0079=[], Hash_0080=[], Hash_0081=[], Hash_0082=[], Hash_0083=[], Hash_0084=[], Hash_0085=[], Hash_0086=[], Hash_0087=[], Hash_0088=[], Hash_0089=[], Hash_0090=[], Hash_0091=[], Hash_0092=[], Hash_0093=[], Hash_0094=[], Hash_0095=[], Hash_0096=[], Hash_0097=[], Hash_0098=[], Hash_0099=[], Hash_0100=[], Hash_0101=[], Hash_0102=[], Hash_0103=[], Hash_0104=[], Hash_0105=[], Hash_0106=[], Hash_0107=[], Hash_0108=[], Hash_0109=[], Hash_0110=[], Hash_0111=[], Hash_0112=[], Hash_0113=[], Hash_0114=[], Hash_0115=[], Hash_0116=[], Hash_0117=[], Hash_0118=[], Hash_0119=[], Hash_0120=[], Hash_0121=[], Hash_0122=[], Hash_0123=[], Hash_0124=[], Hash_0125=[], Hash_0126=[], Hash_0127=[], Hash_0128=[], Hash_0129=[], Hash_0130=[], Hash_0131=[], Hash_0132=[], Hash_0133=[], Hash_0134=[], Hash_0135=[], Hash_0136=[], Hash_0137=[], Hash_0138=[], Hash_0139=[], Hash_0140=[], Hash_0141=[], Hash_0142=[], Hash_0143=[], Hash_0144=[], Hash_0145=[], Hash_0146=[], Hash_0147=[], Hash_0148=[], Hash_0149=[], Hash_0150=[], Hash_0151=[], Hash_0152=[], Hash_0153=[], Hash_0154=[], Hash_0155=[], Hash_0156=[], Hash_0157=[], Hash_0158=[], Hash_0159=[], Hash_0160=[], Hash_0161=[], Hash_0162=[], Hash_0163=[], Hash_0164=[], Hash_0165=[], Hash_0166=[], Hash_0167=[], Hash_0168=[], Hash_0169=[], Hash_0170=[], Hash_0171=[], Hash_0172=[], Hash_0173=[], Hash_0174=[], Hash_0175=[], Hash_0176=[], Hash_0177=[], Hash_0178=[], Hash_0179=[], Hash_0180=[], Hash_0181=[], Hash_0182=[], Hash_0183=[], Hash_0184=[], Hash_0185=[], Hash_0186=[], Hash_0187=[], Hash_0188=[], Hash_0189=[], Hash_0190=[], Hash_0191=[], Hash_0192=[], Hash_0193=[], Hash_0194=[], Hash_0195=[], Hash_0196=[], Hash_0197=[], Hash_0198=[], Hash_0199=[], Hash_0200=[], Hash_0201=[], Hash_0202=[], Hash_0203=[], Hash_0204=[], Hash_0205=[], Hash_0206=[], Hash_0207=[], Hash_0208=[], Hash_0209=[], Hash_0210=[], Hash_0211=[], Hash_0212=[], Hash_0213=[], Hash_0214=[], Hash_0215=[], Hash_0216=[], Hash_0217=[], Hash_0218=[], Hash_0219=[], Hash_0220=[], Hash_0221=[], Hash_0222=[], Hash_0223=[], Hash_0224=[], Hash_0225=[], Hash_0226=[], Hash_0227=[], Hash_0228=[], Hash_0229=[], Hash_0230=[], Hash_0231=[], Hash_0232=[], Hash_0233=[], Hash_0234=[], Hash_0235=[], Hash_0236=[], Hash_0237=[], Hash_0238=[], Hash_0239=[], Hash_0240=[], Hash_0241=[], Hash_0242=[], Hash_0243=[], Hash_0244=[], Hash_0245=[], Hash_0246=[], Hash_0247=[], Hash_0248=[], Hash_0249=[], Hash_0250=[], Hash_0251=[], Hash_0252=[], Hash_0253=[], Hash_0254=[], Hash_0255=[], Hash_0256=[], Hash_0257=[], Hash_0258=[], Hash_0259=[], Hash_0260=[], Hash_0261=[], Hash_0262=[], Hash_0263=[], Hash_0264=[], Hash_0265=[], Hash_0266=[], Hash_0267=[], Hash_0268=[], Hash_0269=[], Hash_0270=[], Hash_0271=[], Hash_0272=[], Hash_0273=[], Hash_0274=[], Hash_0275=[], Hash_0276=[], Hash_0277=[], Hash_0278=[], Hash_0279=[], Hash_0280=[], Hash_0281=[], Hash_0282=[], Hash_0283=[], Hash_0284=[], Hash_0285=[], Hash_0286=[], Hash_0287=[], Hash_0288=[], Hash_0289=[], Hash_0290=[], Hash_0291=[], Hash_0292=[], Hash_0293=[], Hash_0294=[], Hash_0295=[], Hash_0296=[], Hash_0297=[], Hash_0298=[], Hash_0299=[], Hash_0300=[], Hash_0301=[], Hash_0302=[], Hash_0303=[], Hash_0304=[], Hash_0305=[], Hash_0306=[], Hash_0307=[], Hash_0308=[], Hash_0309=[], Hash_0310=[], Hash_0311=[], Hash_0312=[], Hash_0313=[], Hash_0314=[], Hash_0315=[], Hash_0316=[], Hash_0317=[], Hash_0318=[], Hash_0319=[], Hash_0320=[], Hash_0321=[], Hash_0322=[], Hash_0323=[], Hash_0324=[], Hash_0325=[], Hash_0326=[], Hash_0327=[], Hash_0328=[], Hash_0329=[], Hash_0330=[], Hash_0331=[], Hash_0332=[], Hash_0333=[], Hash_0334=[], Hash_0335=[], Hash_0336=[], Hash_0337=[], Hash_0338=[], Hash_0339=[], Hash_0340=[], Hash_0341=[], Hash_0342=[], Hash_0343=[], Hash_0344=[], Hash_0345=[], Hash_0346=[], Hash_0347=[], Hash_0348=[], Hash_0349=[], Hash_0350=[], Hash_0351=[], Hash_0352=[], Hash_0353=[], Hash_0354=[], Hash_0355=[], Hash_0356=[], Hash_0357=[], Hash_0358=[], Hash_0359=[], Hash_0360=[], Hash_0361=[], Hash_0362=[], Hash_0363=[], Hash_0364=[], Hash_0365=[], Hash_0366=[], Hash_0367=[], Hash_0368=[], Hash_0369=[], Hash_0370=[], Hash_0371=[], Hash_0372=[], Hash_0373=[], Hash_0374=[], Hash_0375=[], Hash_0376=[], Hash_0377=[], Hash_0378=[], Hash_0379=[], Hash_0380=[], Hash_0381=[], Hash_0382=[], Hash_0383=[], Hash_0384=[], Hash_0385=[], Hash_0386=[], Hash_0387=[], Hash_0388=[], Hash_0389=[], Hash_0390=[], Hash_0391=[], Hash_0392=[], Hash_0393=[], Hash_0394=[], Hash_0395=[], Hash_0396=[], Hash_0397=[], Hash_0398=[], Hash_0399=[], Hash_0400=[], Hash_0401=[], Hash_0402=[], Hash_0403=[], Hash_0404=[], Hash_0405=[], Hash_0406=[], Hash_0407=[], Hash_0408=[], Hash_0409=[], Hash_0410=[], Hash_0411=[], Hash_0412=[], Hash_0413=[], Hash_0414=[], Hash_0415=[], Hash_0416=[], Hash_0417=[], Hash_0418=[], Hash_0419=[], Hash_0420=[], Hash_0421=[], Hash_0422=[], Hash_0423=[], Hash_0424=[], Hash_0425=[], Hash_0426=[], Hash_0427=[], Hash_0428=[], Hash_0429=[], Hash_0430=[], Hash_0431=[], Hash_0432=[], Hash_0433=[], Hash_0434=[], Hash_0435=[], Hash_0436=[], Hash_0437=[], Hash_0438=[], Hash_0439=[], Hash_0440=[], Hash_0441=[], Hash_0442=[], Hash_0443=[], Hash_0444=[], Hash_0445=[], Hash_0446=[], Hash_0447=[], Hash_0448=[], Hash_0449=[], Hash_0450=[], Hash_0451=[], Hash_0452=[], Hash_0453=[], Hash_0454=[], Hash_0455=[], Hash_0456=[], Hash_0457=[], Hash_0458=[], Hash_0459=[], Hash_0460=[], Hash_0461=[], Hash_0462=[], Hash_0463=[], Hash_0464=[], Hash_0465=[], Hash_0466=[], Hash_0467=[], Hash_0468=[], Hash_0469=[], Hash_0470=[], Hash_0471=[], Hash_0472=[], Hash_0473=[], Hash_0474=[], Hash_0475=[], Hash_0476=[], Hash_0477=[], Hash_0478=[], Hash_0479=[], Hash_0480=[], Hash_0481=[], Hash_0482=[], Hash_0483=[], Hash_0484=[], Hash_0485=[], Hash_0486=[], Hash_0487=[], Hash_0488=[], Hash_0489=[], Hash_0490=[], Hash_0491=[], Hash_0492=[], Hash_0493=[], Hash_0494=[], Hash_0495=[], Hash_0496=[], Hash_0497=[], Hash_0498=[], Hash_0499=[]}), parameters:{})	
query: alter table table2 truncate partition (par_name2)
query: describe extended table2
col_name1	int	
col_name2	int	
	 	 
Detailed Table Information	Table(tableName:table2, dbName:default_db, owner:brantzhang, createTime:1282188400, lastAccessTime:0, retention:0, sd:StorageDescriptor(cols:[FieldSchema(name:col_name1, type:int, comment:null), FieldSchema(name:col_name2, type:int, comment:null)], location:file:/data/brantzhang/tdw_qe/build/ql/test/data/warehouse/default_db/table2, inputFormat:org.apache.hadoop.mapred.TextInputFormat, outputFormat:org.apache.hadoop.hive.ql.io.HiveIgnoreKeyTextOutputFormat, compressed:false, numBuckets:-1, serdeInfo:SerDeInfo(name:null, serializationLib:org.apache.hadoop.hive.serde2.lazy.LazySimpleSerDe, parameters:{serialization.format=1}), bucketCols:[], sortCols:[], parameters:{}), priPartition:Partition(dbName:default_db, tableName:table2, level:0, parType:range, parKey:FieldSchema(name:col_name1, type:int, comment:null), parSpaces:{par_name1=[2], par_name2=[5], default=[]}), subPartition:Partition(dbName:default_db, tableName:table2, level:1, parType:hash, parKey:FieldSchema(name:col_name2, type:int, comment:null), parSpaces:{Hash_0000=[], Hash_0001=[], Hash_0002=[], Hash_0003=[], Hash_0004=[], Hash_0005=[], Hash_0006=[], Hash_0007=[], Hash_0008=[], Hash_0009=[], Hash_0010=[], Hash_0011=[], Hash_0012=[], Hash_0013=[], Hash_0014=[], Hash_0015=[], Hash_0016=[], Hash_0017=[], Hash_0018=[], Hash_0019=[], Hash_0020=[], Hash_0021=[], Hash_0022=[], Hash_0023=[], Hash_0024=[], Hash_0025=[], Hash_0026=[], Hash_0027=[], Hash_0028=[], Hash_0029=[], Hash_0030=[], Hash_0031=[], Hash_0032=[], Hash_0033=[], Hash_0034=[], Hash_0035=[], Hash_0036=[], Hash_0037=[], Hash_0038=[], Hash_0039=[], Hash_0040=[], Hash_0041=[], Hash_0042=[], Hash_0043=[], Hash_0044=[], Hash_0045=[], Hash_0046=[], Hash_0047=[], Hash_0048=[], Hash_0049=[], Hash_0050=[], Hash_0051=[], Hash_0052=[], Hash_0053=[], Hash_0054=[], Hash_0055=[], Hash_0056=[], Hash_0057=[], Hash_0058=[], Hash_0059=[], Hash_0060=[], Hash_0061=[], Hash_0062=[], Hash_0063=[], Hash_0064=[], Hash_0065=[], Hash_0066=[], Hash_0067=[], Hash_0068=[], Hash_0069=[], Hash_0070=[], Hash_0071=[], Hash_0072=[], Hash_0073=[], Hash_0074=[], Hash_0075=[], Hash_0076=[], Hash_0077=[], Hash_0078=[], Hash_0079=[], Hash_0080=[], Hash_0081=[], Hash_0082=[], Hash_0083=[], Hash_0084=[], Hash_0085=[], Hash_0086=[], Hash_0087=[], Hash_0088=[], Hash_0089=[], Hash_0090=[], Hash_0091=[], Hash_0092=[], Hash_0093=[], Hash_0094=[], Hash_0095=[], Hash_0096=[], Hash_0097=[], Hash_0098=[], Hash_0099=[], Hash_0100=[], Hash_0101=[], Hash_0102=[], Hash_0103=[], Hash_0104=[], Hash_0105=[], Hash_0106=[], Hash_0107=[], Hash_0108=[], Hash_0109=[], Hash_0110=[], Hash_0111=[], Hash_0112=[], Hash_0113=[], Hash_0114=[], Hash_0115=[], Hash_0116=[], Hash_0117=[], Hash_0118=[], Hash_0119=[], Hash_0120=[], Hash_0121=[], Hash_0122=[], Hash_0123=[], Hash_0124=[], Hash_0125=[], Hash_0126=[], Hash_0127=[], Hash_0128=[], Hash_0129=[], Hash_0130=[], Hash_0131=[], Hash_0132=[], Hash_0133=[], Hash_0134=[], Hash_0135=[], Hash_0136=[], Hash_0137=[], Hash_0138=[], Hash_0139=[], Hash_0140=[], Hash_0141=[], Hash_0142=[], Hash_0143=[], Hash_0144=[], Hash_0145=[], Hash_0146=[], Hash_0147=[], Hash_0148=[], Hash_0149=[], Hash_0150=[], Hash_0151=[], Hash_0152=[], Hash_0153=[], Hash_0154=[], Hash_0155=[], Hash_0156=[], Hash_0157=[], Hash_0158=[], Hash_0159=[], Hash_0160=[], Hash_0161=[], Hash_0162=[], Hash_0163=[], Hash_0164=[], Hash_0165=[], Hash_0166=[], Hash_0167=[], Hash_0168=[], Hash_0169=[], Hash_0170=[], Hash_0171=[], Hash_0172=[], Hash_0173=[], Hash_0174=[], Hash_0175=[], Hash_0176=[], Hash_0177=[], Hash_0178=[], Hash_0179=[], Hash_0180=[], Hash_0181=[], Hash_0182=[], Hash_0183=[], Hash_0184=[], Hash_0185=[], Hash_0186=[], Hash_0187=[], Hash_0188=[], Hash_0189=[], Hash_0190=[], Hash_0191=[], Hash_0192=[], Hash_0193=[], Hash_0194=[], Hash_0195=[], Hash_0196=[], Hash_0197=[], Hash_0198=[], Hash_0199=[], Hash_0200=[], Hash_0201=[], Hash_0202=[], Hash_0203=[], Hash_0204=[], Hash_0205=[], Hash_0206=[], Hash_0207=[], Hash_0208=[], Hash_0209=[], Hash_0210=[], Hash_0211=[], Hash_0212=[], Hash_0213=[], Hash_0214=[], Hash_0215=[], Hash_0216=[], Hash_0217=[], Hash_0218=[], Hash_0219=[], Hash_0220=[], Hash_0221=[], Hash_0222=[], Hash_0223=[], Hash_0224=[], Hash_0225=[], Hash_0226=[], Hash_0227=[], Hash_0228=[], Hash_0229=[], Hash_0230=[], Hash_0231=[], Hash_0232=[], Hash_0233=[], Hash_0234=[], Hash_0235=[], Hash_0236=[], Hash_0237=[], Hash_0238=[], Hash_0239=[], Hash_0240=[], Hash_0241=[], Hash_0242=[], Hash_0243=[], Hash_0244=[], Hash_0245=[], Hash_0246=[], Hash_0247=[], Hash_0248=[], Hash_0249=[], Hash_0250=[], Hash_0251=[], Hash_0252=[], Hash_0253=[], Hash_0254=[], Hash_0255=[], Hash_0256=[], Hash_0257=[], Hash_0258=[], Hash_0259=[], Hash_0260=[], Hash_0261=[], Hash_0262=[], Hash_0263=[], Hash_0264=[], Hash_0265=[], Hash_0266=[], Hash_0267=[], Hash_0268=[], Hash_0269=[], Hash_0270=[], Hash_0271=[], Hash_0272=[], Hash_0273=[], Hash_0274=[], Hash_0275=[], Hash_0276=[], Hash_0277=[], Hash_0278=[], Hash_0279=[], Hash_0280=[], Hash_0281=[], Hash_0282=[], Hash_0283=[], Hash_0284=[], Hash_0285=[], Hash_0286=[], Hash_0287=[], Hash_0288=[], Hash_0289=[], Hash_0290=[], Hash_0291=[], Hash_0292=[], Hash_0293=[], Hash_0294=[], Hash_0295=[], Hash_0296=[], Hash_0297=[], Hash_0298=[], Hash_0299=[], Hash_0300=[], Hash_0301=[], Hash_0302=[], Hash_0303=[], Hash_0304=[], Hash_0305=[], Hash_0306=[], Hash_0307=[], Hash_0308=[], Hash_0309=[], Hash_0310=[], Hash_0311=[], Hash_0312=[], Hash_0313=[], Hash_0314=[], Hash_0315=[], Hash_0316=[], Hash_0317=[], Hash_0318=[], Hash_0319=[], Hash_0320=[], Hash_0321=[], Hash_0322=[], Hash_0323=[], Hash_0324=[], Hash_0325=[], Hash_0326=[], Hash_0327=[], Hash_0328=[], Hash_0329=[], Hash_0330=[], Hash_0331=[], Hash_0332=[], Hash_0333=[], Hash_0334=[], Hash_0335=[], Hash_0336=[], Hash_0337=[], Hash_0338=[], Hash_0339=[], Hash_0340=[], Hash_0341=[], Hash_0342=[], Hash_0343=[], Hash_0344=[], Hash_0345=[], Hash_0346=[], Hash_0347=[], Hash_0348=[], Hash_0349=[], Hash_0350=[], Hash_0351=[], Hash_0352=[], Hash_0353=[], Hash_0354=[], Hash_0355=[], Hash_0356=[], Hash_0357=[], Hash_0358=[], Hash_0359=[], Hash_0360=[], Hash_0361=[], Hash_0362=[], Hash_0363=[], Hash_0364=[], Hash_0365=[], Hash_0366=[], Hash_0367=[], Hash_0368=[], Hash_0369=[], Hash_0370=[], Hash_0371=[], Hash_0372=[], Hash_0373=[], Hash_0374=[], Hash_0375=[], Hash_0376=[], Hash_0377=[], Hash_0378=[], Hash_0379=[], Hash_0380=[], Hash_0381=[], Hash_0382=[], Hash_0383=[], Hash_0384=[], Hash_0385=[], Hash_0386=[], Hash_0387=[], Hash_0388=[], Hash_0389=[], Hash_0390=[], Hash_0391=[], Hash_0392=[], Hash_0393=[], Hash_0394=[], Hash_0395=[], Hash_0396=[], Hash_0397=[], Hash_0398=[], Hash_0399=[], Hash_0400=[], Hash_0401=[], Hash_0402=[], Hash_0403=[], Hash_0404=[], Hash_0405=[], Hash_0406=[], Hash_0407=[], Hash_0408=[], Hash_0409=[], Hash_0410=[], Hash_0411=[], Hash_0412=[], Hash_0413=[], Hash_0414=[], Hash_0415=[], Hash_0416=[], Hash_0417=[], Hash_0418=[], Hash_0419=[], Hash_0420=[], Hash_0421=[], Hash_0422=[], Hash_0423=[], Hash_0424=[], Hash_0425=[], Hash_0426=[], Hash_0427=[], Hash_0428=[], Hash_0429=[], Hash_0430=[], Hash_0431=[], Hash_0432=[], Hash_0433=[], Hash_0434=[], Hash_0435=[], Hash_0436=[], Hash_0437=[], Hash_0438=[], Hash_0439=[], Hash_0440=[], Hash_0441=[], Hash_0442=[], Hash_0443=[], Hash_0444=[], Hash_0445=[], Hash_0446=[], Hash_0447=[], Hash_0448=[], Hash_0449=[], Hash_0450=[], Hash_0451=[], Hash_0452=[], Hash_0453=[], Hash_0454=[], Hash_0455=[], Hash_0456=[], Hash_0457=[], Hash_0458=[], Hash_0459=[], Hash_0460=[], Hash_0461=[], Hash_0462=[], Hash_0463=[], Hash_0464=[], Hash_0465=[], Hash_0466=[], Hash_0467=[], Hash_0468=[], Hash_0469=[], Hash_0470=[], Hash_0471=[], Hash_0472=[], Hash_0473=[], Hash_0474=[], Hash_0475=[], Hash_0476=[], Hash_0477=[], Hash_0478=[], Hash_0479=[], Hash_0480=[], Hash_0481=[], Hash_0482=[], Hash_0483=[], Hash_0484=[], Hash_0485=[], Hash_0486=[], Hash_0487=[], Hash_0488=[], Hash_0489=[], Hash_0490=[], Hash_0491=[], Hash_0492=[], Hash_0493=[], Hash_0494=[], Hash_0495=[], Hash_0496=[], Hash_0497=[], Hash_0498=[], Hash_0499=[]}), parameters:{})	
query: drop table table1
query: drop table table2
