query: drop table alter2
query: create table alter2(a int, b int, insertdate int) partition by list(insertdate) (partition p0 values in (20080101))
query: describe extended alter2
a	int	
b	int	
insertdate	int	
	 	 
Detailed Table Information	Table(tableName:alter2, dbName:default, owner:tdwadmin, createTime:1272521826, lastAccessTime:0, retention:0, sd:StorageDescriptor(cols:[FieldSchema(name:a, type:int, comment:null), FieldSchema(name:b, type:int, comment:null), FieldSchema(name:insertdate, type:int, comment:null)], location:file:/data/allison/tdw_new/build/ql/test/data/warehouse/alter2, inputFormat:org.apache.hadoop.mapred.TextInputFormat, outputFormat:org.apache.hadoop.hive.ql.io.HiveIgnoreKeyTextOutputFormat, compressed:false, numBuckets:-1, serdeInfo:SerDeInfo(name:null, serializationLib:org.apache.hadoop.hive.serde2.lazy.LazySimpleSerDe, parameters:{serialization.format=1}), bucketCols:[], sortCols:[], parameters:{}), priPartition:Partition(dbName:default, tableName:alter2, level:0, parType:list, parKey:FieldSchema(name:insertdate, type:int, comment:null), parSpaces:{p0=[20080101]}), subPartition:null, parameters:{})	
query: show partitions alter2
pri partitions:
p0
query: alter table alter2 add partition p1 values in (20080102)
query: describe extended alter2
a	int	
b	int	
insertdate	int	
	 	 
Detailed Table Information	Table(tableName:alter2, dbName:default, owner:tdwadmin, createTime:1272521826, lastAccessTime:0, retention:0, sd:StorageDescriptor(cols:[FieldSchema(name:a, type:int, comment:null), FieldSchema(name:b, type:int, comment:null), FieldSchema(name:insertdate, type:int, comment:null)], location:file:/data/allison/tdw_new/build/ql/test/data/warehouse/alter2, inputFormat:org.apache.hadoop.mapred.TextInputFormat, outputFormat:org.apache.hadoop.hive.ql.io.HiveIgnoreKeyTextOutputFormat, compressed:false, numBuckets:-1, serdeInfo:SerDeInfo(name:null, serializationLib:org.apache.hadoop.hive.serde2.lazy.LazySimpleSerDe, parameters:{serialization.format=1}), bucketCols:[], sortCols:[], parameters:{}), priPartition:Partition(dbName:default, tableName:alter2, level:0, parType:list, parKey:FieldSchema(name:insertdate, type:int, comment:null), parSpaces:{p0=[20080101], p1=[20080102]}), subPartition:null, parameters:{})	
query: show partitions alter2
pri partitions:
p0
p1
query: alter table alter2 add partition p2 values in (20080103)
query: describe extended alter2
a	int	
b	int	
insertdate	int	
	 	 
Detailed Table Information	Table(tableName:alter2, dbName:default, owner:tdwadmin, createTime:1272521826, lastAccessTime:0, retention:0, sd:StorageDescriptor(cols:[FieldSchema(name:a, type:int, comment:null), FieldSchema(name:b, type:int, comment:null), FieldSchema(name:insertdate, type:int, comment:null)], location:file:/data/allison/tdw_new/build/ql/test/data/warehouse/alter2, inputFormat:org.apache.hadoop.mapred.TextInputFormat, outputFormat:org.apache.hadoop.hive.ql.io.HiveIgnoreKeyTextOutputFormat, compressed:false, numBuckets:-1, serdeInfo:SerDeInfo(name:null, serializationLib:org.apache.hadoop.hive.serde2.lazy.LazySimpleSerDe, parameters:{serialization.format=1}), bucketCols:[], sortCols:[], parameters:{}), priPartition:Partition(dbName:default, tableName:alter2, level:0, parType:list, parKey:FieldSchema(name:insertdate, type:int, comment:null), parSpaces:{p0=[20080101], p1=[20080102], p2=[20080103]}), subPartition:null, parameters:{})	
query: show partitions alter2
pri partitions:
p0
p1
p2
query: drop table alter2
