query: DROP TABLE table1
query: DROP TABLE table2
query: DROP TABLE table3
query: CREATE TABLE table1 (a STRING, b STRING)
ROW FORMAT DELIMITED FIELDS TERMINATED BY '\t' ESCAPED BY '\\'
STORED AS TEXTFILE
query: DESCRIBE table1
a	string	
b	string	
query: DESCRIBE EXTENDED table1
a	string	
b	string	
	 	 
Detailed Table Information	Table(tableName:table1, dbName:default, owner:hustlmsp, createTime:1271144647, lastAccessTime:0, retention:0, sd:StorageDescriptor(cols:[FieldSchema(name:a, type:string, comment:null), FieldSchema(name:b, type:string, comment:null)], location:file:/home/hustlmsp/tdw/tdw-qe/build/ql/test/data/warehouse/table1, inputFormat:org.apache.hadoop.mapred.TextInputFormat, outputFormat:org.apache.hadoop.hive.ql.io.HiveIgnoreKeyTextOutputFormat, compressed:false, numBuckets:-1, serdeInfo:SerDeInfo(name:null, serializationLib:org.apache.hadoop.hive.serde2.lazy.LazySimpleSerDe, parameters:{serialization.format=9,escape.delim=\,field.delim=	}), bucketCols:[], sortCols:[], parameters:{}), priPartition:null, subPartition:null, parameters:{})
query: INSERT OVERWRITE TABLE table1 SELECT key, '\\\t\\' FROM src WHERE key = 86
Output: default/table1
query: SELECT * FROM table1
Input: default/table1
Output: file:/data/users/zshao/tools/136-trunk-apache-hive/build/ql/tmp/822936101/10000
86	\	\
query: DROP TABLE table1
