query: explain extended
 select * from srcpart a join srcpart b where a.ds = '2008-04-08' and a.hr = '11' and b.ds = '2008-04-08' and b.hr = '14' limit 5
ABSTRACT SYNTAX TREE:
  (TOK_QUERY (TOK_FROM (TOK_JOIN (TOK_TABREF (TOK_TAB srcpart) a) (TOK_TABREF (TOK_TAB srcpart) b))) (TOK_INSERT (TOK_DESTINATION (TOK_DIR TOK_TMP_FILE)) (TOK_SELECT (TOK_SELEXPR TOK_ALLCOLREF)) (TOK_WHERE (and (and (and (= (. (TOK_TABLE_OR_COL a) ds) '2008-04-08') (= (. (TOK_TABLE_OR_COL a) hr) '11')) (= (. (TOK_TABLE_OR_COL b) ds) '2008-04-08')) (= (. (TOK_TABLE_OR_COL b) hr) '14'))) (TOK_LIMIT 5)))

STAGE DEPENDENCIES:
  Stage-1 is a root stage
  Stage-0 is a root stage

STAGE PLANS:
  Stage: Stage-1
    Map Reduce
      Alias -> Map Operator Tree:
        default_db/srcpart#a 
          TableScan
            alias: default_db/srcpart#a
            Filter Operator
              isSamplingPred: false
              predicate:
                  expr: ((ds = '2008-04-08') and (hr = '11'))
                  type: boolean
              Reduce Output Operator
                sort order: 
                tag: 0
                value expressions:
                      expr: key
                      type: string
                      expr: value
                      type: string
                      expr: ds
                      type: string
                      expr: hr
                      type: string
        default_db/srcpart#b 
          TableScan
            alias: default_db/srcpart#b
            Filter Operator
              isSamplingPred: false
              predicate:
                  expr: ((ds = '2008-04-08') and (hr = '14'))
                  type: boolean
              Reduce Output Operator
                sort order: 
                tag: 1
                value expressions:
                      expr: key
                      type: string
                      expr: value
                      type: string
                      expr: ds
                      type: string
                      expr: hr
                      type: string
      Needs Tagging: true
      Path -> Alias:
        file:/data/allison/merged/build/ql/test/data/warehouse/default_db/srcpart/p0/sp1 
        file:/data/allison/merged/build/ql/test/data/warehouse/default_db/srcpart/p0/sp2 
      Path -> Partition:
        file:/data/allison/merged/build/ql/test/data/warehouse/default_db/srcpart/p0/sp1 
          Partition
          
              input format: org.apache.hadoop.mapred.TextInputFormat
              output format: org.apache.hadoop.hive.ql.io.HiveIgnoreKeyTextOutputFormat
              properties:
                name srcpart
                columns.types string:string:string:string
                serialization.ddl struct srcpart { string key, string value, string ds, string hr}
                serialization.format 1
                columns key,value,ds,hr
                bucket_count -1
                serialization.lib org.apache.hadoop.hive.serde2.lazy.LazySimpleSerDe
                file.inputformat org.apache.hadoop.mapred.TextInputFormat
                file.outputformat org.apache.hadoop.hive.ql.io.HiveIgnoreKeyTextOutputFormat
                location file:/data/allison/merged/build/ql/test/data/warehouse/default_db/srcpart
              serde: org.apache.hadoop.hive.serde2.lazy.LazySimpleSerDe
              name: srcpart
        file:/data/allison/merged/build/ql/test/data/warehouse/default_db/srcpart/p0/sp2 
          Partition
          
              input format: org.apache.hadoop.mapred.TextInputFormat
              output format: org.apache.hadoop.hive.ql.io.HiveIgnoreKeyTextOutputFormat
              properties:
                name srcpart
                columns.types string:string:string:string
                serialization.ddl struct srcpart { string key, string value, string ds, string hr}
                serialization.format 1
                columns key,value,ds,hr
                bucket_count -1
                serialization.lib org.apache.hadoop.hive.serde2.lazy.LazySimpleSerDe
                file.inputformat org.apache.hadoop.mapred.TextInputFormat
                file.outputformat org.apache.hadoop.hive.ql.io.HiveIgnoreKeyTextOutputFormat
                location file:/data/allison/merged/build/ql/test/data/warehouse/default_db/srcpart
              serde: org.apache.hadoop.hive.serde2.lazy.LazySimpleSerDe
              name: srcpart
      Reduce Operator Tree:
        Join Operator
          condition map:
               Inner Join 0 to 1
          condition expressions:
            0 {VALUE._col0} {VALUE._col1} {VALUE._col2} {VALUE._col3}
            1 {VALUE._col0} {VALUE._col1} {VALUE._col2} {VALUE._col3}
          outputColumnNames: _col0, _col1, _col2, _col3, _col4, _col5, _col6, _col7
          Filter Operator
            isSamplingPred: false
            predicate:
                expr: ((((_col2 = '2008-04-08') and (_col3 = '11')) and (_col6 = '2008-04-08')) and (_col7 = '14'))
                type: boolean
            Select Operator
              expressions:
                    expr: _col0
                    type: string
                    expr: _col1
                    type: string
                    expr: _col2
                    type: string
                    expr: _col3
                    type: string
                    expr: _col4
                    type: string
                    expr: _col5
                    type: string
                    expr: _col6
                    type: string
                    expr: _col7
                    type: string
              outputColumnNames: _col0, _col1, _col2, _col3, _col4, _col5, _col6, _col7
              Limit
                File Output Operator
                  compressed: false
                  GlobalTableId: 0
                  directory: file:/data/allison/merged/build/ql/tmp/2098203806/10001
                  table:
                      input format: org.apache.hadoop.mapred.TextInputFormat
                      output format: org.apache.hadoop.hive.ql.io.HiveIgnoreKeyTextOutputFormat
                      properties:
                        columns _col0,_col1,_col2,_col3,_col4,_col5,_col6,_col7
                        serialization.format 1
                        columns.types string:string:string:string:string:string:string:string

  Stage: Stage-0
    Fetch Operator
      limit: 5


query: select * from srcpart a join srcpart b where a.ds = '2008-04-08' and a.hr = '11' and b.ds = '2008-04-08' and b.hr = '14' limit 5
Output: file:/data/allison/merged/build/ql/tmp/1284878561/10000
