query: CREATE TABLE part_special (
  a STRING,
  b STRING,
  ds STRING,
  ts STRING
) partition by list(ds) subpartition by list(ts)
(subpartition sp0 values in ('10:11:12=455'))
(partition p0 values in ('2008 04 08'))
query: EXPLAIN
INSERT OVERWRITE TABLE part_special
SELECT 1, 2, '2008 04 08', '10:11:12=455' FROM src LIMIT 1
ABSTRACT SYNTAX TREE:
  (TOK_QUERY (TOK_FROM (TOK_TABREF (TOK_TAB src))) (TOK_INSERT (TOK_DESTINATION (TOK_TAB part_special)) (TOK_SELECT (TOK_SELEXPR 1) (TOK_SELEXPR 2) (TOK_SELEXPR '2008 04 08') (TOK_SELEXPR '10:11:12=455')) (TOK_LIMIT 1)))

STAGE DEPENDENCIES:
  Stage-1 is a root stage
  Stage-0 depends on stages: Stage-1

STAGE PLANS:
  Stage: Stage-1
    Map Reduce
      Alias -> Map Operator Tree:
        default_db/src 
          TableScan
            alias: default_db/src
            Select Operator
              expressions:
                    expr: 1
                    type: int
                    expr: 2
                    type: int
                    expr: '2008 04 08'
                    type: string
                    expr: '10:11:12=455'
                    type: string
              outputColumnNames: _col0, _col1, _col2, _col3
              Limit
                Reduce Output Operator
                  sort order: 
                  tag: -1
                  value expressions:
                        expr: _col0
                        type: int
                        expr: _col1
                        type: int
                        expr: _col2
                        type: string
                        expr: _col3
                        type: string
      Path -> Alias:
        file:/data/allison/merged/build/ql/test/data/warehouse/default_db/src 
      Reduce Operator Tree:
        Extract
          Limit
            Partition Output Operator
              compressed: false
              GlobalTableId: 1
              partition keys:
                    expr: _col2
                    type: string
                    expr: _col3
                    type: string
              partition values:
                  Partition Space Spec
                    Partition space:
                      p0 
                        Partition values list
                          values list: 2008 04 08
                  Partition Space Spec
                    Partition space:
                      sp0 
                        Partition values list
                          values list: 10:11:12=455
              partition field typeinfos: string, string
              partition types: list, list
              table:
                  input format: org.apache.hadoop.mapred.TextInputFormat
                  output format: org.apache.hadoop.hive.ql.io.HiveIgnoreKeyTextOutputFormat
                  serde: org.apache.hadoop.hive.serde2.lazy.LazySimpleSerDe
                  name: part_special

  Stage: Stage-0
    Move Operator
      tables:
          replace: true
          table:
              input format: org.apache.hadoop.mapred.TextInputFormat
              output format: org.apache.hadoop.hive.ql.io.HiveIgnoreKeyTextOutputFormat
              serde: org.apache.hadoop.hive.serde2.lazy.LazySimpleSerDe
              name: part_special


query: INSERT OVERWRITE TABLE part_special
SELECT 1, 2, '2008 04 08', '10:11:12=455' FROM src LIMIT 1
Output: default_db/part_special
query: DESCRIBE EXTENDED part_special
a	string	
b	string	
ds	string	
ts	string	
	 	 
Detailed Table Information	Table(tableName:part_special, dbName:default_db, owner:root, createTime:1291272720, lastAccessTime:0, retention:0, sd:StorageDescriptor(cols:[FieldSchema(name:a, type:string, comment:null), FieldSchema(name:b, type:string, comment:null), FieldSchema(name:ds, type:string, comment:null), FieldSchema(name:ts, type:string, comment:null)], location:file:/data/allison/merged/build/ql/test/data/warehouse/default_db/part_special, inputFormat:org.apache.hadoop.mapred.TextInputFormat, outputFormat:org.apache.hadoop.hive.ql.io.HiveIgnoreKeyTextOutputFormat, compressed:false, numBuckets:-1, serdeInfo:SerDeInfo(name:null, serializationLib:org.apache.hadoop.hive.serde2.lazy.LazySimpleSerDe, parameters:{serialization.format=1}), bucketCols:[], sortCols:[], parameters:{}), priPartition:Partition(dbName:default_db, tableName:part_special, level:0, parType:list, parKey:FieldSchema(name:ds, type:string, comment:null), parSpaces:{p0=[2008 04 08]}), subPartition:Partition(dbName:default_db, tableName:part_special, level:1, parType:list, parKey:FieldSchema(name:ts, type:string, comment:null), parSpaces:{sp0=[10:11:12=455]}), parameters:{})	
query: SELECT * FROM part_special WHERE ds='2008 04 08' AND ts = '10:11:12=455'
Output: file:/data/allison/merged/build/ql/tmp/101289762/10000
1	2	2008 04 08	10:11:12=455
query: DROP TABLE part_special
