query: CREATE TABLE dest1(key INT, value STRING, hr STRING, ds STRING) STORED AS TEXTFILE
query: EXPLAIN EXTENDED
FROM srcpart
INSERT OVERWRITE TABLE dest1 SELECT srcpart.key, srcpart.value, srcpart.hr, srcpart.ds WHERE srcpart.key < 100 and srcpart.ds = '2008-04-08' and srcpart.hr = '09'
ABSTRACT SYNTAX TREE:
  (TOK_QUERY (TOK_FROM (TOK_TABREF (TOK_TAB srcpart))) (TOK_INSERT (TOK_DESTINATION (TOK_TAB dest1)) (TOK_SELECT (TOK_SELEXPR (. (TOK_TABLE_OR_COL srcpart) key)) (TOK_SELEXPR (. (TOK_TABLE_OR_COL srcpart) value)) (TOK_SELEXPR (. (TOK_TABLE_OR_COL srcpart) hr)) (TOK_SELEXPR (. (TOK_TABLE_OR_COL srcpart) ds))) (TOK_WHERE (and (and (< (. (TOK_TABLE_OR_COL srcpart) key) 100) (= (. (TOK_TABLE_OR_COL srcpart) ds) '2008-04-08')) (= (. (TOK_TABLE_OR_COL srcpart) hr) '09')))))

STAGE DEPENDENCIES:
  Stage-1 is a root stage
  Stage-4 depends on stages: Stage-1
  Stage-0 depends on stages: Stage-4

STAGE PLANS:
  Stage: Stage-1
    Map Reduce
      Alias -> Map Operator Tree:
        default_db/srcpart 
          TableScan
            alias: default_db/srcpart
            Filter Operator
              isSamplingPred: false
              predicate:
                  expr: (((UDFToDouble(key) < UDFToDouble(100)) and (ds = '2008-04-08')) and (hr = '09'))
                  type: boolean
              Filter Operator
                isSamplingPred: false
                predicate:
                    expr: (((UDFToDouble(key) < UDFToDouble(100)) and (ds = '2008-04-08')) and (hr = '09'))
                    type: boolean
                Select Operator
                  expressions:
                        expr: key
                        type: string
                        expr: value
                        type: string
                        expr: hr
                        type: string
                        expr: ds
                        type: string
                  outputColumnNames: _col0, _col1, _col2, _col3
                  Select Operator
                    expressions:
                          expr: UDFToInteger(_col0)
                          type: int
                          expr: _col1
                          type: string
                          expr: _col2
                          type: string
                          expr: _col3
                          type: string
                    outputColumnNames: _col0, _col1, _col2, _col3
                    File Output Operator
                      compressed: false
                      GlobalTableId: 1
                      directory: file:/data/allison/merged/build/ql/tmp/1935322525/10002
                      table:
                          input format: org.apache.hadoop.mapred.TextInputFormat
                          output format: org.apache.hadoop.hive.ql.io.HiveIgnoreKeyTextOutputFormat
                          properties:
                            name dest1
                            columns.types int:string:string:string
                            serialization.ddl struct dest1 { i32 key, string value, string hr, string ds}
                            serialization.format 1
                            columns key,value,hr,ds
                            bucket_count -1
                            serialization.lib org.apache.hadoop.hive.serde2.lazy.LazySimpleSerDe
                            file.inputformat org.apache.hadoop.mapred.TextInputFormat
                            file.outputformat org.apache.hadoop.hive.ql.io.HiveIgnoreKeyTextOutputFormat
                            location file:/data/allison/merged/build/ql/test/data/warehouse/default_db/dest1
                          serde: org.apache.hadoop.hive.serde2.lazy.LazySimpleSerDe
                          name: dest1
      Needs Tagging: false
      Path -> Alias:
        file:/data/allison/merged/build/ql/test/data/warehouse/default_db/srcpart/p0/sp1 
      Path -> Partition:
        file:/data/allison/merged/build/ql/test/data/warehouse/default_db/srcpart/p0/sp1 
          Partition
          
              input format: org.apache.hadoop.mapred.TextInputFormat
              output format: org.apache.hadoop.hive.ql.io.HiveIgnoreKeyTextOutputFormat
              properties:
                name srcpart
                columns.types string:string:string:string
                serialization.ddl struct srcpart { string key, string value, string ds, string hr}
                serialization.format 1
                columns key,value,ds,hr
                bucket_count -1
                serialization.lib org.apache.hadoop.hive.serde2.lazy.LazySimpleSerDe
                file.inputformat org.apache.hadoop.mapred.TextInputFormat
                file.outputformat org.apache.hadoop.hive.ql.io.HiveIgnoreKeyTextOutputFormat
                location file:/data/allison/merged/build/ql/test/data/warehouse/default_db/srcpart
              serde: org.apache.hadoop.hive.serde2.lazy.LazySimpleSerDe
              name: srcpart

  Stage: Stage-4
    Conditional Operator
      list of dependent Tasks:
          Move Operator
            files:
                hdfs directory: true
                source: file:/data/allison/merged/build/ql/tmp/1935322525/10002
                destination: file:/data/allison/merged/build/ql/tmp/565504208/10000
          Map Reduce
            Alias -> Map Operator Tree:
              file:/data/allison/merged/build/ql/tmp/1935322525/10002 
                  Reduce Output Operator
                    sort order: 
                    Map-reduce partition columns:
                          expr: rand()
                          type: double
                    tag: -1
                    value expressions:
                          expr: key
                          type: int
                          expr: value
                          type: string
                          expr: hr
                          type: string
                          expr: ds
                          type: string
            Needs Tagging: false
            Path -> Alias:
              file:/data/allison/merged/build/ql/tmp/1935322525/10002 
            Path -> Partition:
              file:/data/allison/merged/build/ql/tmp/1935322525/10002 
                Partition
                
                    input format: org.apache.hadoop.mapred.TextInputFormat
                    output format: org.apache.hadoop.hive.ql.io.HiveIgnoreKeyTextOutputFormat
                    properties:
                      name dest1
                      columns.types int:string:string:string
                      serialization.ddl struct dest1 { i32 key, string value, string hr, string ds}
                      serialization.format 1
                      columns key,value,hr,ds
                      bucket_count -1
                      serialization.lib org.apache.hadoop.hive.serde2.lazy.LazySimpleSerDe
                      file.inputformat org.apache.hadoop.mapred.TextInputFormat
                      file.outputformat org.apache.hadoop.hive.ql.io.HiveIgnoreKeyTextOutputFormat
                      location file:/data/allison/merged/build/ql/test/data/warehouse/default_db/dest1
                    serde: org.apache.hadoop.hive.serde2.lazy.LazySimpleSerDe
                    name: dest1
            Reduce Operator Tree:
              Extract
                File Output Operator
                  compressed: false
                  GlobalTableId: 0
                  directory: file:/data/allison/merged/build/ql/tmp/565504208/10000
                  table:
                      input format: org.apache.hadoop.mapred.TextInputFormat
                      output format: org.apache.hadoop.hive.ql.io.HiveIgnoreKeyTextOutputFormat
                      properties:
                        name dest1
                        columns.types int:string:string:string
                        serialization.ddl struct dest1 { i32 key, string value, string hr, string ds}
                        serialization.format 1
                        columns key,value,hr,ds
                        bucket_count -1
                        serialization.lib org.apache.hadoop.hive.serde2.lazy.LazySimpleSerDe
                        file.inputformat org.apache.hadoop.mapred.TextInputFormat
                        location file:/data/allison/merged/build/ql/test/data/warehouse/default_db/dest1
                        file.outputformat org.apache.hadoop.hive.ql.io.HiveIgnoreKeyTextOutputFormat
                      serde: org.apache.hadoop.hive.serde2.lazy.LazySimpleSerDe
                      name: dest1

  Stage: Stage-0
    Move Operator
      tables:
          replace: true
          source: file:/data/allison/merged/build/ql/tmp/565504208/10000
          table:
              input format: org.apache.hadoop.mapred.TextInputFormat
              output format: org.apache.hadoop.hive.ql.io.HiveIgnoreKeyTextOutputFormat
              properties:
                name dest1
                columns.types int:string:string:string
                serialization.ddl struct dest1 { i32 key, string value, string hr, string ds}
                serialization.format 1
                columns key,value,hr,ds
                bucket_count -1
                serialization.lib org.apache.hadoop.hive.serde2.lazy.LazySimpleSerDe
                file.inputformat org.apache.hadoop.mapred.TextInputFormat
                file.outputformat org.apache.hadoop.hive.ql.io.HiveIgnoreKeyTextOutputFormat
                location file:/data/allison/merged/build/ql/test/data/warehouse/default_db/dest1
              serde: org.apache.hadoop.hive.serde2.lazy.LazySimpleSerDe
              name: dest1
          tmp directory: file:/data/allison/merged/build/ql/tmp/565504208/10001


query: FROM srcpart
INSERT OVERWRITE TABLE dest1 SELECT srcpart.key, srcpart.value, srcpart.hr, srcpart.ds WHERE srcpart.key < 100 and srcpart.ds = '2008-04-08' and srcpart.hr = '09'
Output: default_db/dest1
query: SELECT dest1.* FROM dest1
Input: default_db/dest1
Output: file:/data/allison/merged/build/ql/tmp/2109945252/10000
85	val_85	09	2008-04-08
77	val_77	09	2008-04-08
0	val_0	09	2008-04-08
87	val_87	09	2008-04-08
15	val_15	09	2008-04-08
72	val_72	09	2008-04-08
90	val_90	09	2008-04-08
19	val_19	09	2008-04-08
10	val_10	09	2008-04-08
