query: EXPLAIN
SELECT x.* FROM SRCPART x WHERE ds = '2008-04-08' LIMIT 10
ABSTRACT SYNTAX TREE:
  (TOK_QUERY (TOK_FROM (TOK_TABREF (TOK_TAB SRCPART) x)) (TOK_INSERT (TOK_DESTINATION (TOK_DIR TOK_TMP_FILE)) (TOK_SELECT (TOK_SELEXPR (TOK_ALLCOLREF x))) (TOK_WHERE (= (TOK_TABLE_OR_COL ds) '2008-04-08')) (TOK_LIMIT 10)))

STAGE DEPENDENCIES:
  Stage-1 is a root stage
  Stage-0 is a root stage

STAGE PLANS:
  Stage: Stage-1
    Map Reduce
      Alias -> Map Operator Tree:
        default_db/srcpart#x 
          TableScan
            alias: default_db/srcpart#x
            Filter Operator
              predicate:
                  expr: (ds = '2008-04-08')
                  type: boolean
              Filter Operator
                predicate:
                    expr: (ds = '2008-04-08')
                    type: boolean
                Select Operator
                  expressions:
                        expr: key
                        type: string
                        expr: value
                        type: string
                        expr: ds
                        type: string
                        expr: hr
                        type: string
                  outputColumnNames: _col0, _col1, _col2, _col3
                  Limit
                    File Output Operator
                      compressed: false
                      GlobalTableId: 0
                      table:
                          input format: org.apache.hadoop.mapred.TextInputFormat
                          output format: org.apache.hadoop.hive.ql.io.HiveIgnoreKeyTextOutputFormat
      Path -> Alias:
        file:/data/allison/merged/build/ql/test/data/warehouse/default_db/srcpart/p0/sp1 
        file:/data/allison/merged/build/ql/test/data/warehouse/default_db/srcpart/p0/sp2 

  Stage: Stage-0
    Fetch Operator
      limit: 10


query: SELECT x.* FROM SRCPART x WHERE ds = '2008-04-08' sort by x.key LIMIT 10
Output: file:/data/allison/merged/build/ql/tmp/313442420/10000
0	val_0	2008-04-08	18
0	val_0	2008-04-08	09
0	val_0	2008-04-08	04
10	val_10	2008-04-08	09
100	val_100	2008-04-08	22
103	val_103	2008-04-08	05
111	val_111	2008-04-08	05
113	val_113	2008-04-08	04
118	val_118	2008-04-08	09
118	val_118	2008-04-08	09
