query: CREATE TABLE dest_j1(key STRING, value STRING, val2 STRING) STORED AS TEXTFILE
query: EXPLAIN EXTENDED
INSERT OVERWRITE TABLE dest_j1
SELECT /*+ MAPJOIN(x,z) */ x.key, z.value, y.value
FROM src1 x JOIN src y ON (x.key = y.key) 
JOIN srcpart z ON (x.value = z.value and z.ds='2008-04-08' and z.hr=13)
ABSTRACT SYNTAX TREE:
  (TOK_QUERY (TOK_FROM (TOK_JOIN (TOK_JOIN (TOK_TABREF (TOK_TAB src1) x) (TOK_TABREF (TOK_TAB src) y) (= (. (TOK_TABLE_OR_COL x) key) (. (TOK_TABLE_OR_COL y) key))) (TOK_TABREF (TOK_TAB srcpart) z) (and (and (= (. (TOK_TABLE_OR_COL x) value) (. (TOK_TABLE_OR_COL z) value)) (= (. (TOK_TABLE_OR_COL z) ds) '2008-04-08')) (= (. (TOK_TABLE_OR_COL z) hr) 13)))) (TOK_INSERT (TOK_DESTINATION (TOK_TAB dest_j1)) (TOK_SELECT (TOK_HINTLIST (TOK_HINT TOK_MAPJOIN (TOK_HINTARGLIST (TOK_TABLE_OR_COL x) (TOK_TABLE_OR_COL z)))) (TOK_SELEXPR (. (TOK_TABLE_OR_COL x) key)) (TOK_SELEXPR (. (TOK_TABLE_OR_COL z) value)) (TOK_SELEXPR (. (TOK_TABLE_OR_COL y) value)))))

STAGE DEPENDENCIES:
  Stage-1 is a root stage
  Stage-2 depends on stages: Stage-1
  Stage-5 depends on stages: Stage-2
  Stage-0 depends on stages: Stage-5

STAGE PLANS:
  Stage: Stage-1
    Map Reduce
      Alias -> Map Operator Tree:
        default_db/src#y 
          TableScan
            alias: default_db/src#y
            Common Join Operator
              condition map:
                   Inner Join 0 to 1
              condition expressions:
                0 {key} {value}
                1 {value}
              keys:
                0 
                1 
              outputColumnNames: _col0, _col1, _col3
              Position of Big Table: 1
              File Output Operator
                compressed: false
                GlobalTableId: 0
                directory: file:/data/allison/merged/build/ql/tmp/1068128239/10002
                table:
                    input format: org.apache.hadoop.mapred.SequenceFileInputFormat
                    output format: org.apache.hadoop.hive.ql.io.HiveSequenceFileOutputFormat
                    properties:
                      columns _col0,_col1,_col3
                      columns.types string,string,string
                      escape.delim \
      Local Work:
        Map Reduce Local Work
          Alias -> Map Local Tables:
            default_db/src1#x 
              Fetch Operator
                limit: -1
          Alias -> Map Local Operator Tree:
            default_db/src1#x 
              TableScan
                alias: default_db/src1#x
                Common Join Operator
                  condition map:
                       Inner Join 0 to 1
                  condition expressions:
                    0 {key} {value}
                    1 {value}
                  keys:
                    0 
                    1 
                  outputColumnNames: _col0, _col1, _col3
                  Position of Big Table: 1
                  File Output Operator
                    compressed: false
                    GlobalTableId: 0
                    directory: file:/data/allison/merged/build/ql/tmp/1068128239/10002
                    table:
                        input format: org.apache.hadoop.mapred.SequenceFileInputFormat
                        output format: org.apache.hadoop.hive.ql.io.HiveSequenceFileOutputFormat
                        properties:
                          columns _col0,_col1,_col3
                          columns.types string,string,string
                          escape.delim \
      Needs Tagging: false
      Path -> Alias:
        file:/data/allison/merged/build/ql/test/data/warehouse/default_db/src 
      Path -> Partition:
        file:/data/allison/merged/build/ql/test/data/warehouse/default_db/src 
          Partition
          
              input format: org.apache.hadoop.mapred.TextInputFormat
              output format: org.apache.hadoop.hive.ql.io.HiveIgnoreKeyTextOutputFormat
              properties:
                name src
                columns.types string:string
                serialization.ddl struct src { string key, string value}
                serialization.format 1
                columns key,value
                bucket_count -1
                serialization.lib org.apache.hadoop.hive.serde2.lazy.LazySimpleSerDe
                file.inputformat org.apache.hadoop.mapred.TextInputFormat
                file.outputformat org.apache.hadoop.hive.ql.io.HiveIgnoreKeyTextOutputFormat
                location file:/data/allison/merged/build/ql/test/data/warehouse/default_db/src
              serde: org.apache.hadoop.hive.serde2.lazy.LazySimpleSerDe
              name: src

  Stage: Stage-2
    Map Reduce
      Alias -> Map Operator Tree:
        file:/data/allison/merged/build/ql/tmp/1068128239/10002 
          Select Operator
            expressions:
                  expr: _col0
                  type: string
                  expr: _col1
                  type: string
                  expr: _col3
                  type: string
            outputColumnNames: _col0, _col1, _col3
            Common Join Operator
              condition map:
                   Inner Join 0 to 1
              condition expressions:
                0 {_col0} {_col3}
                1 {value}
              keys:
                0 
                1 
              outputColumnNames: _col0, _col3, _col5
              Position of Big Table: 0
              Select Operator
                expressions:
                      expr: _col0
                      type: string
                      expr: _col3
                      type: string
                      expr: _col5
                      type: string
                outputColumnNames: _col0, _col3, _col5
                Select Operator
                  expressions:
                        expr: _col0
                        type: string
                        expr: _col5
                        type: string
                        expr: _col3
                        type: string
                  outputColumnNames: _col0, _col1, _col2
                  File Output Operator
                    compressed: false
                    GlobalTableId: 1
                    directory: file:/data/allison/merged/build/ql/tmp/1068128239/10003
                    table:
                        input format: org.apache.hadoop.mapred.TextInputFormat
                        output format: org.apache.hadoop.hive.ql.io.HiveIgnoreKeyTextOutputFormat
                        properties:
                          name dest_j1
                          columns.types string:string:string
                          serialization.ddl struct dest_j1 { string key, string value, string val2}
                          serialization.format 1
                          columns key,value,val2
                          bucket_count -1
                          serialization.lib org.apache.hadoop.hive.serde2.lazy.LazySimpleSerDe
                          file.inputformat org.apache.hadoop.mapred.TextInputFormat
                          file.outputformat org.apache.hadoop.hive.ql.io.HiveIgnoreKeyTextOutputFormat
                          location file:/data/allison/merged/build/ql/test/data/warehouse/default_db/dest_j1
                        serde: org.apache.hadoop.hive.serde2.lazy.LazySimpleSerDe
                        name: dest_j1
      Local Work:
        Map Reduce Local Work
          Alias -> Map Local Tables:
            default_db/srcpart#z 
              Fetch Operator
                limit: -1
          Alias -> Map Local Operator Tree:
            default_db/srcpart#z 
              TableScan
                alias: default_db/srcpart#z
                Filter Operator
                  isSamplingPred: false
                  predicate:
                      expr: ((ds = '2008-04-08') and (UDFToDouble(hr) = UDFToDouble(13)))
                      type: boolean
                  Filter Operator
                    isSamplingPred: false
                    predicate:
                        expr: (ds = '2008-04-08')
                        type: boolean
                    Filter Operator
                      isSamplingPred: false
                      predicate:
                          expr: (UDFToDouble(hr) = UDFToDouble(13))
                          type: boolean
                      Common Join Operator
                        condition map:
                             Inner Join 0 to 1
                        condition expressions:
                          0 {_col0} {_col3}
                          1 {value}
                        keys:
                          0 
                          1 
                        outputColumnNames: _col0, _col3, _col5
                        Position of Big Table: 0
                        Select Operator
                          expressions:
                                expr: _col0
                                type: string
                                expr: _col3
                                type: string
                                expr: _col5
                                type: string
                          outputColumnNames: _col0, _col3, _col5
                          Select Operator
                            expressions:
                                  expr: _col0
                                  type: string
                                  expr: _col5
                                  type: string
                                  expr: _col3
                                  type: string
                            outputColumnNames: _col0, _col1, _col2
                            File Output Operator
                              compressed: false
                              GlobalTableId: 1
                              directory: file:/data/allison/merged/build/ql/tmp/1068128239/10003
                              table:
                                  input format: org.apache.hadoop.mapred.TextInputFormat
                                  output format: org.apache.hadoop.hive.ql.io.HiveIgnoreKeyTextOutputFormat
                                  properties:
                                    name dest_j1
                                    columns.types string:string:string
                                    serialization.ddl struct dest_j1 { string key, string value, string val2}
                                    serialization.format 1
                                    columns key,value,val2
                                    bucket_count -1
                                    serialization.lib org.apache.hadoop.hive.serde2.lazy.LazySimpleSerDe
                                    file.inputformat org.apache.hadoop.mapred.TextInputFormat
                                    file.outputformat org.apache.hadoop.hive.ql.io.HiveIgnoreKeyTextOutputFormat
                                    location file:/data/allison/merged/build/ql/test/data/warehouse/default_db/dest_j1
                                  serde: org.apache.hadoop.hive.serde2.lazy.LazySimpleSerDe
                                  name: dest_j1
      Needs Tagging: false
      Path -> Alias:
        file:/data/allison/merged/build/ql/tmp/1068128239/10002 
      Path -> Partition:
        file:/data/allison/merged/build/ql/tmp/1068128239/10002 
          Partition
          
              input format: org.apache.hadoop.mapred.SequenceFileInputFormat
              output format: org.apache.hadoop.hive.ql.io.HiveSequenceFileOutputFormat
              properties:
                columns _col0,_col1,_col3
                columns.types string,string,string
                escape.delim \

  Stage: Stage-5
    Conditional Operator
      list of dependent Tasks:
          Move Operator
            files:
                hdfs directory: true
                source: file:/data/allison/merged/build/ql/tmp/1068128239/10003
                destination: file:/data/allison/merged/build/ql/tmp/554283298/10000
          Map Reduce
            Alias -> Map Operator Tree:
              file:/data/allison/merged/build/ql/tmp/1068128239/10003 
                  Reduce Output Operator
                    sort order: 
                    Map-reduce partition columns:
                          expr: rand()
                          type: double
                    tag: -1
                    value expressions:
                          expr: key
                          type: string
                          expr: value
                          type: string
                          expr: val2
                          type: string
            Needs Tagging: false
            Path -> Alias:
              file:/data/allison/merged/build/ql/tmp/1068128239/10003 
            Path -> Partition:
              file:/data/allison/merged/build/ql/tmp/1068128239/10003 
                Partition
                
                    input format: org.apache.hadoop.mapred.TextInputFormat
                    output format: org.apache.hadoop.hive.ql.io.HiveIgnoreKeyTextOutputFormat
                    properties:
                      name dest_j1
                      columns.types string:string:string
                      serialization.ddl struct dest_j1 { string key, string value, string val2}
                      serialization.format 1
                      columns key,value,val2
                      bucket_count -1
                      serialization.lib org.apache.hadoop.hive.serde2.lazy.LazySimpleSerDe
                      file.inputformat org.apache.hadoop.mapred.TextInputFormat
                      file.outputformat org.apache.hadoop.hive.ql.io.HiveIgnoreKeyTextOutputFormat
                      location file:/data/allison/merged/build/ql/test/data/warehouse/default_db/dest_j1
                    serde: org.apache.hadoop.hive.serde2.lazy.LazySimpleSerDe
                    name: dest_j1
            Reduce Operator Tree:
              Extract
                File Output Operator
                  compressed: false
                  GlobalTableId: 0
                  directory: file:/data/allison/merged/build/ql/tmp/554283298/10000
                  table:
                      input format: org.apache.hadoop.mapred.TextInputFormat
                      output format: org.apache.hadoop.hive.ql.io.HiveIgnoreKeyTextOutputFormat
                      properties:
                        name dest_j1
                        columns.types string:string:string
                        serialization.ddl struct dest_j1 { string key, string value, string val2}
                        serialization.format 1
                        columns key,value,val2
                        bucket_count -1
                        serialization.lib org.apache.hadoop.hive.serde2.lazy.LazySimpleSerDe
                        file.inputformat org.apache.hadoop.mapred.TextInputFormat
                        location file:/data/allison/merged/build/ql/test/data/warehouse/default_db/dest_j1
                        file.outputformat org.apache.hadoop.hive.ql.io.HiveIgnoreKeyTextOutputFormat
                      serde: org.apache.hadoop.hive.serde2.lazy.LazySimpleSerDe
                      name: dest_j1

  Stage: Stage-0
    Move Operator
      tables:
          replace: true
          source: file:/data/allison/merged/build/ql/tmp/554283298/10000
          table:
              input format: org.apache.hadoop.mapred.TextInputFormat
              output format: org.apache.hadoop.hive.ql.io.HiveIgnoreKeyTextOutputFormat
              properties:
                name dest_j1
                columns.types string:string:string
                serialization.ddl struct dest_j1 { string key, string value, string val2}
                serialization.format 1
                columns key,value,val2
                bucket_count -1
                serialization.lib org.apache.hadoop.hive.serde2.lazy.LazySimpleSerDe
                file.inputformat org.apache.hadoop.mapred.TextInputFormat
                file.outputformat org.apache.hadoop.hive.ql.io.HiveIgnoreKeyTextOutputFormat
                location file:/data/allison/merged/build/ql/test/data/warehouse/default_db/dest_j1
              serde: org.apache.hadoop.hive.serde2.lazy.LazySimpleSerDe
              name: dest_j1
          tmp directory: file:/data/allison/merged/build/ql/tmp/554283298/10001


query: INSERT OVERWRITE TABLE dest_j1
SELECT /*+ MAPJOIN(x,z) */ x.key, z.value, y.value
FROM src1 x JOIN src y ON (x.key = y.key) 
JOIN srcpart z ON (x.value = z.value and z.ds='2008-04-08' and z.hr=13)
Output: default_db/dest_j1
query: select * from dest_j1 x order by x.key
Output: file:/data/allison/merged/build/ql/tmp/1513775597/10000
98	val_98	val_98
98	val_98	val_98
query: drop table dest_j1
