query: create table tst1(key STRING, cnt INT)
query: INSERT OVERWRITE TABLE tst1
SELECT a.key, count(1) FROM src a group by a.key
Output: default/tst1
query: SELECT sum(a.cnt)  FROM tst1 a JOIN tst1 b ON a.key = b.key
Output: file:/data/allison/tdw/build/ql/tmp/1713646894/10000
500
query: drop table tst1
