query: drop table dest_j1
query: CREATE TABLE dest_j1(key STRING, value STRING) STORED AS TEXTFILE
query: EXPLAIN
INSERT OVERWRITE TABLE dest_j1 
SELECT /*+ MAPJOIN(z) */ subq.key1, z.value
FROM
(SELECT /*+ MAPJOIN(x) */ x.key as key1, x.value as value1, y.key as key2, y.value as value2 
 FROM src1 x JOIN src y ON (x.key = y.key)) subq
 JOIN srcpart z ON (subq.key1 = z.key and z.ds='2008-04-08' and z.hr=11)
ABSTRACT SYNTAX TREE:
  (TOK_QUERY (TOK_FROM (TOK_JOIN (TOK_SUBQUERY (TOK_QUERY (TOK_FROM (TOK_JOIN (TOK_TABREF (TOK_TAB src1) x) (TOK_TABREF (TOK_TAB src) y) (= (. (TOK_TABLE_OR_COL x) key) (. (TOK_TABLE_OR_COL y) key)))) (TOK_INSERT (TOK_DESTINATION (TOK_DIR TOK_TMP_FILE)) (TOK_SELECT (TOK_HINTLIST (TOK_HINT TOK_MAPJOIN (TOK_HINTARGLIST (TOK_TABLE_OR_COL x)))) (TOK_SELEXPR (. (TOK_TABLE_OR_COL x) key) key1) (TOK_SELEXPR (. (TOK_TABLE_OR_COL x) value) value1) (TOK_SELEXPR (. (TOK_TABLE_OR_COL y) key) key2) (TOK_SELEXPR (. (TOK_TABLE_OR_COL y) value) value2)))) subq) (TOK_TABREF (TOK_TAB srcpart) z) (and (and (= (. (TOK_TABLE_OR_COL subq) key1) (. (TOK_TABLE_OR_COL z) key)) (= (. (TOK_TABLE_OR_COL z) ds) '2008-04-08')) (= (. (TOK_TABLE_OR_COL z) hr) 11)))) (TOK_INSERT (TOK_DESTINATION (TOK_TAB dest_j1)) (TOK_SELECT (TOK_HINTLIST (TOK_HINT TOK_MAPJOIN (TOK_HINTARGLIST (TOK_TABLE_OR_COL z)))) (TOK_SELEXPR (. (TOK_TABLE_OR_COL subq) key1)) (TOK_SELEXPR (. (TOK_TABLE_OR_COL z) value)))))

STAGE DEPENDENCIES:
  Stage-1 is a root stage
  Stage-2 depends on stages: Stage-1
  Stage-5 depends on stages: Stage-2
  Stage-0 depends on stages: Stage-5

STAGE PLANS:
  Stage: Stage-1
    Map Reduce
      Alias -> Map Operator Tree:
        subq:default_db/src#y 
          TableScan
            alias: default_db/src#y
            Common Join Operator
              condition map:
                   Inner Join 0 to 1
              condition expressions:
                0 {key}
                1 
              keys:
                0 
                1 
              outputColumnNames: _col0
              Position of Big Table: 1
              File Output Operator
                compressed: false
                GlobalTableId: 0
                table:
                    input format: org.apache.hadoop.mapred.SequenceFileInputFormat
                    output format: org.apache.hadoop.hive.ql.io.HiveSequenceFileOutputFormat
      Local Work:
        Map Reduce Local Work
          Alias -> Map Local Tables:
            subq:default_db/src1#x 
              Fetch Operator
                limit: -1
          Alias -> Map Local Operator Tree:
            subq:default_db/src1#x 
              TableScan
                alias: default_db/src1#x
                Common Join Operator
                  condition map:
                       Inner Join 0 to 1
                  condition expressions:
                    0 {key}
                    1 
                  keys:
                    0 
                    1 
                  outputColumnNames: _col0
                  Position of Big Table: 1
                  File Output Operator
                    compressed: false
                    GlobalTableId: 0
                    table:
                        input format: org.apache.hadoop.mapred.SequenceFileInputFormat
                        output format: org.apache.hadoop.hive.ql.io.HiveSequenceFileOutputFormat
      Path -> Alias:
        file:/data/allison/merged/build/ql/test/data/warehouse/default_db/src 

  Stage: Stage-2
    Map Reduce
      Alias -> Map Operator Tree:
        file:/data/allison/merged/build/ql/tmp/1090915097/10002 
          Select Operator
            expressions:
                  expr: _col0
                  type: string
            outputColumnNames: _col0
            Select Operator
              expressions:
                    expr: _col0
                    type: string
              outputColumnNames: _col0
              Common Join Operator
                condition map:
                     Inner Join 0 to 1
                condition expressions:
                  0 {_col0}
                  1 {value}
                keys:
                  0 
                  1 
                outputColumnNames: _col0, _col5
                Position of Big Table: 0
                Select Operator
                  expressions:
                        expr: _col0
                        type: string
                        expr: _col5
                        type: string
                  outputColumnNames: _col0, _col5
                  Select Operator
                    expressions:
                          expr: _col0
                          type: string
                          expr: _col5
                          type: string
                    outputColumnNames: _col0, _col1
                    File Output Operator
                      compressed: false
                      GlobalTableId: 1
                      table:
                          input format: org.apache.hadoop.mapred.TextInputFormat
                          output format: org.apache.hadoop.hive.ql.io.HiveIgnoreKeyTextOutputFormat
                          serde: org.apache.hadoop.hive.serde2.lazy.LazySimpleSerDe
                          name: dest_j1
      Local Work:
        Map Reduce Local Work
          Alias -> Map Local Tables:
            default_db/srcpart#z 
              Fetch Operator
                limit: -1
          Alias -> Map Local Operator Tree:
            default_db/srcpart#z 
              TableScan
                alias: default_db/srcpart#z
                Filter Operator
                  predicate:
                      expr: ((ds = '2008-04-08') and (UDFToDouble(hr) = UDFToDouble(11)))
                      type: boolean
                  Filter Operator
                    predicate:
                        expr: (ds = '2008-04-08')
                        type: boolean
                    Filter Operator
                      predicate:
                          expr: (UDFToDouble(hr) = UDFToDouble(11))
                          type: boolean
                      Common Join Operator
                        condition map:
                             Inner Join 0 to 1
                        condition expressions:
                          0 {_col0}
                          1 {value}
                        keys:
                          0 
                          1 
                        outputColumnNames: _col0, _col5
                        Position of Big Table: 0
                        Select Operator
                          expressions:
                                expr: _col0
                                type: string
                                expr: _col5
                                type: string
                          outputColumnNames: _col0, _col5
                          Select Operator
                            expressions:
                                  expr: _col0
                                  type: string
                                  expr: _col5
                                  type: string
                            outputColumnNames: _col0, _col1
                            File Output Operator
                              compressed: false
                              GlobalTableId: 1
                              table:
                                  input format: org.apache.hadoop.mapred.TextInputFormat
                                  output format: org.apache.hadoop.hive.ql.io.HiveIgnoreKeyTextOutputFormat
                                  serde: org.apache.hadoop.hive.serde2.lazy.LazySimpleSerDe
                                  name: dest_j1
      Path -> Alias:
        file:/data/allison/merged/build/ql/tmp/1090915097/10002 

  Stage: Stage-5
    Conditional Operator
      list of dependent Tasks:
          Move Operator
            files:
                hdfs directory: true
                destination: file:/data/allison/merged/build/ql/tmp/2090061137/10000
          Map Reduce
            Alias -> Map Operator Tree:
              file:/data/allison/merged/build/ql/tmp/1090915097/10003 
                  Reduce Output Operator
                    sort order: 
                    Map-reduce partition columns:
                          expr: rand()
                          type: double
                    tag: -1
                    value expressions:
                          expr: key
                          type: string
                          expr: value
                          type: string
            Path -> Alias:
              file:/data/allison/merged/build/ql/tmp/1090915097/10003 
            Reduce Operator Tree:
              Extract
                File Output Operator
                  compressed: false
                  GlobalTableId: 0
                  table:
                      input format: org.apache.hadoop.mapred.TextInputFormat
                      output format: org.apache.hadoop.hive.ql.io.HiveIgnoreKeyTextOutputFormat
                      serde: org.apache.hadoop.hive.serde2.lazy.LazySimpleSerDe
                      name: dest_j1

  Stage: Stage-0
    Move Operator
      tables:
          replace: true
          table:
              input format: org.apache.hadoop.mapred.TextInputFormat
              output format: org.apache.hadoop.hive.ql.io.HiveIgnoreKeyTextOutputFormat
              serde: org.apache.hadoop.hive.serde2.lazy.LazySimpleSerDe
              name: dest_j1


query: INSERT OVERWRITE TABLE dest_j1 
SELECT /*+ MAPJOIN(z) */ subq.key1, z.value
FROM
(SELECT /*+ MAPJOIN(x) */ x.key as key1, x.value as value1, y.key as key2, y.value as value2 
 FROM src1 x JOIN src y ON (x.key = y.key)) subq
 JOIN srcpart z ON (subq.key1 = z.key and z.ds='2008-04-08' and z.hr=13)
Output: default_db/dest_j1
query: select * from dest_j1 x order by x.key
Output: file:/data/allison/merged/build/ql/tmp/832810231/10000
369	val_369
369	val_369
369	val_369
98	val_98
98	val_98
query: drop table dest_j1
