query: CREATE TABLE dest_j1(key STRING, value STRING, val2 STRING) STORED AS TEXTFILE
query: EXPLAIN EXTENDED
INSERT OVERWRITE TABLE dest_j1
SELECT /*+ MAPJOIN(x,y) */ x.key, z.value, y.value
FROM src1 x JOIN src y ON (x.key = y.key) 
JOIN srcpart z ON (x.key = z.key)
WHERE z.ds='2008-04-08' and z.hr=13
ABSTRACT SYNTAX TREE:
  (TOK_QUERY (TOK_FROM (TOK_JOIN (TOK_JOIN (TOK_TABREF (TOK_TAB src1) x) (TOK_TABREF (TOK_TAB src) y) (= (. (TOK_TABLE_OR_COL x) key) (. (TOK_TABLE_OR_COL y) key))) (TOK_TABREF (TOK_TAB srcpart) z) (= (. (TOK_TABLE_OR_COL x) key) (. (TOK_TABLE_OR_COL z) key)))) (TOK_INSERT (TOK_DESTINATION (TOK_TAB dest_j1)) (TOK_SELECT (TOK_HINTLIST (TOK_HINT TOK_MAPJOIN (TOK_HINTARGLIST (TOK_TABLE_OR_COL x) (TOK_TABLE_OR_COL y)))) (TOK_SELEXPR (. (TOK_TABLE_OR_COL x) key)) (TOK_SELEXPR (. (TOK_TABLE_OR_COL z) value)) (TOK_SELEXPR (. (TOK_TABLE_OR_COL y) value))) (TOK_WHERE (and (= (. (TOK_TABLE_OR_COL z) ds) '2008-04-08') (= (. (TOK_TABLE_OR_COL z) hr) 13)))))

STAGE DEPENDENCIES:
  Stage-1 is a root stage
  Stage-4 depends on stages: Stage-1
  Stage-0 depends on stages: Stage-4

STAGE PLANS:
  Stage: Stage-1
    Map Reduce
      Alias -> Map Operator Tree:
        default_db/srcpart#z 
          TableScan
            alias: default_db/srcpart#z
            Filter Operator
              isSamplingPred: false
              predicate:
                  expr: ((ds = '2008-04-08') and (UDFToDouble(hr) = UDFToDouble(13)))
                  type: boolean
              Common Join Operator
                condition map:
                     Inner Join 0 to 1
                     Inner Join 0 to 2
                condition expressions:
                  0 {key}
                  1 {value}
                  2 {value} {ds} {hr}
                keys:
                  0 
                  1 
                  2 
                outputColumnNames: _col0, _col3, _col5, _col6, _col7
                Position of Big Table: 2
                Select Operator
                  expressions:
                        expr: _col0
                        type: string
                        expr: _col3
                        type: string
                        expr: _col5
                        type: string
                        expr: _col6
                        type: string
                        expr: _col7
                        type: string
                  outputColumnNames: _col0, _col3, _col5, _col6, _col7
                  Filter Operator
                    isSamplingPred: false
                    predicate:
                        expr: ((_col6 = '2008-04-08') and (UDFToDouble(_col7) = UDFToDouble(13)))
                        type: boolean
                    Select Operator
                      expressions:
                            expr: _col0
                            type: string
                            expr: _col5
                            type: string
                            expr: _col3
                            type: string
                      outputColumnNames: _col0, _col1, _col2
                      File Output Operator
                        compressed: false
                        GlobalTableId: 1
                        directory: file:/data/allison/merged/build/ql/tmp/1813062490/10002
                        table:
                            input format: org.apache.hadoop.mapred.TextInputFormat
                            output format: org.apache.hadoop.hive.ql.io.HiveIgnoreKeyTextOutputFormat
                            properties:
                              name dest_j1
                              columns.types string:string:string
                              serialization.ddl struct dest_j1 { string key, string value, string val2}
                              serialization.format 1
                              columns key,value,val2
                              bucket_count -1
                              serialization.lib org.apache.hadoop.hive.serde2.lazy.LazySimpleSerDe
                              file.inputformat org.apache.hadoop.mapred.TextInputFormat
                              file.outputformat org.apache.hadoop.hive.ql.io.HiveIgnoreKeyTextOutputFormat
                              location file:/data/allison/merged/build/ql/test/data/warehouse/default_db/dest_j1
                            serde: org.apache.hadoop.hive.serde2.lazy.LazySimpleSerDe
                            name: dest_j1
      Local Work:
        Map Reduce Local Work
          Alias -> Map Local Tables:
            default_db/src1#x 
              Fetch Operator
                limit: -1
            default_db/src#y 
              Fetch Operator
                limit: -1
          Alias -> Map Local Operator Tree:
            default_db/src1#x 
              TableScan
                alias: default_db/src1#x
                Common Join Operator
                  condition map:
                       Inner Join 0 to 1
                       Inner Join 0 to 2
                  condition expressions:
                    0 {key}
                    1 {value}
                    2 {value} {ds} {hr}
                  keys:
                    0 
                    1 
                    2 
                  outputColumnNames: _col0, _col3, _col5, _col6, _col7
                  Position of Big Table: 2
                  Select Operator
                    expressions:
                          expr: _col0
                          type: string
                          expr: _col3
                          type: string
                          expr: _col5
                          type: string
                          expr: _col6
                          type: string
                          expr: _col7
                          type: string
                    outputColumnNames: _col0, _col3, _col5, _col6, _col7
                    Filter Operator
                      isSamplingPred: false
                      predicate:
                          expr: ((_col6 = '2008-04-08') and (UDFToDouble(_col7) = UDFToDouble(13)))
                          type: boolean
                      Select Operator
                        expressions:
                              expr: _col0
                              type: string
                              expr: _col5
                              type: string
                              expr: _col3
                              type: string
                        outputColumnNames: _col0, _col1, _col2
                        File Output Operator
                          compressed: false
                          GlobalTableId: 1
                          directory: file:/data/allison/merged/build/ql/tmp/1813062490/10002
                          table:
                              input format: org.apache.hadoop.mapred.TextInputFormat
                              output format: org.apache.hadoop.hive.ql.io.HiveIgnoreKeyTextOutputFormat
                              properties:
                                name dest_j1
                                columns.types string:string:string
                                serialization.ddl struct dest_j1 { string key, string value, string val2}
                                serialization.format 1
                                columns key,value,val2
                                bucket_count -1
                                serialization.lib org.apache.hadoop.hive.serde2.lazy.LazySimpleSerDe
                                file.inputformat org.apache.hadoop.mapred.TextInputFormat
                                file.outputformat org.apache.hadoop.hive.ql.io.HiveIgnoreKeyTextOutputFormat
                                location file:/data/allison/merged/build/ql/test/data/warehouse/default_db/dest_j1
                              serde: org.apache.hadoop.hive.serde2.lazy.LazySimpleSerDe
                              name: dest_j1
            default_db/src#y 
              TableScan
                alias: default_db/src#y
                Common Join Operator
                  condition map:
                       Inner Join 0 to 1
                       Inner Join 0 to 2
                  condition expressions:
                    0 {key}
                    1 {value}
                    2 {value} {ds} {hr}
                  keys:
                    0 
                    1 
                    2 
                  outputColumnNames: _col0, _col3, _col5, _col6, _col7
                  Position of Big Table: 2
                  Select Operator
                    expressions:
                          expr: _col0
                          type: string
                          expr: _col3
                          type: string
                          expr: _col5
                          type: string
                          expr: _col6
                          type: string
                          expr: _col7
                          type: string
                    outputColumnNames: _col0, _col3, _col5, _col6, _col7
                    Filter Operator
                      isSamplingPred: false
                      predicate:
                          expr: ((_col6 = '2008-04-08') and (UDFToDouble(_col7) = UDFToDouble(13)))
                          type: boolean
                      Select Operator
                        expressions:
                              expr: _col0
                              type: string
                              expr: _col5
                              type: string
                              expr: _col3
                              type: string
                        outputColumnNames: _col0, _col1, _col2
                        File Output Operator
                          compressed: false
                          GlobalTableId: 1
                          directory: file:/data/allison/merged/build/ql/tmp/1813062490/10002
                          table:
                              input format: org.apache.hadoop.mapred.TextInputFormat
                              output format: org.apache.hadoop.hive.ql.io.HiveIgnoreKeyTextOutputFormat
                              properties:
                                name dest_j1
                                columns.types string:string:string
                                serialization.ddl struct dest_j1 { string key, string value, string val2}
                                serialization.format 1
                                columns key,value,val2
                                bucket_count -1
                                serialization.lib org.apache.hadoop.hive.serde2.lazy.LazySimpleSerDe
                                file.inputformat org.apache.hadoop.mapred.TextInputFormat
                                file.outputformat org.apache.hadoop.hive.ql.io.HiveIgnoreKeyTextOutputFormat
                                location file:/data/allison/merged/build/ql/test/data/warehouse/default_db/dest_j1
                              serde: org.apache.hadoop.hive.serde2.lazy.LazySimpleSerDe
                              name: dest_j1
      Needs Tagging: false
      Path -> Alias:
        file:/data/allison/merged/build/ql/test/data/warehouse/default_db/srcpart/p0/sp2 
      Path -> Partition:
        file:/data/allison/merged/build/ql/test/data/warehouse/default_db/srcpart/p0/sp2 
          Partition
          
              input format: org.apache.hadoop.mapred.TextInputFormat
              output format: org.apache.hadoop.hive.ql.io.HiveIgnoreKeyTextOutputFormat
              properties:
                name srcpart
                columns.types string:string:string:string
                serialization.ddl struct srcpart { string key, string value, string ds, string hr}
                serialization.format 1
                columns key,value,ds,hr
                bucket_count -1
                serialization.lib org.apache.hadoop.hive.serde2.lazy.LazySimpleSerDe
                file.inputformat org.apache.hadoop.mapred.TextInputFormat
                file.outputformat org.apache.hadoop.hive.ql.io.HiveIgnoreKeyTextOutputFormat
                location file:/data/allison/merged/build/ql/test/data/warehouse/default_db/srcpart
              serde: org.apache.hadoop.hive.serde2.lazy.LazySimpleSerDe
              name: srcpart

  Stage: Stage-4
    Conditional Operator
      list of dependent Tasks:
          Move Operator
            files:
                hdfs directory: true
                source: file:/data/allison/merged/build/ql/tmp/1813062490/10002
                destination: file:/data/allison/merged/build/ql/tmp/338854250/10000
          Map Reduce
            Alias -> Map Operator Tree:
              file:/data/allison/merged/build/ql/tmp/1813062490/10002 
                  Reduce Output Operator
                    sort order: 
                    Map-reduce partition columns:
                          expr: rand()
                          type: double
                    tag: -1
                    value expressions:
                          expr: key
                          type: string
                          expr: value
                          type: string
                          expr: val2
                          type: string
            Needs Tagging: false
            Path -> Alias:
              file:/data/allison/merged/build/ql/tmp/1813062490/10002 
            Path -> Partition:
              file:/data/allison/merged/build/ql/tmp/1813062490/10002 
                Partition
                
                    input format: org.apache.hadoop.mapred.TextInputFormat
                    output format: org.apache.hadoop.hive.ql.io.HiveIgnoreKeyTextOutputFormat
                    properties:
                      name dest_j1
                      columns.types string:string:string
                      serialization.ddl struct dest_j1 { string key, string value, string val2}
                      serialization.format 1
                      columns key,value,val2
                      bucket_count -1
                      serialization.lib org.apache.hadoop.hive.serde2.lazy.LazySimpleSerDe
                      file.inputformat org.apache.hadoop.mapred.TextInputFormat
                      file.outputformat org.apache.hadoop.hive.ql.io.HiveIgnoreKeyTextOutputFormat
                      location file:/data/allison/merged/build/ql/test/data/warehouse/default_db/dest_j1
                    serde: org.apache.hadoop.hive.serde2.lazy.LazySimpleSerDe
                    name: dest_j1
            Reduce Operator Tree:
              Extract
                File Output Operator
                  compressed: false
                  GlobalTableId: 0
                  directory: file:/data/allison/merged/build/ql/tmp/338854250/10000
                  table:
                      input format: org.apache.hadoop.mapred.TextInputFormat
                      output format: org.apache.hadoop.hive.ql.io.HiveIgnoreKeyTextOutputFormat
                      properties:
                        name dest_j1
                        columns.types string:string:string
                        serialization.ddl struct dest_j1 { string key, string value, string val2}
                        serialization.format 1
                        columns key,value,val2
                        bucket_count -1
                        serialization.lib org.apache.hadoop.hive.serde2.lazy.LazySimpleSerDe
                        file.inputformat org.apache.hadoop.mapred.TextInputFormat
                        location file:/data/allison/merged/build/ql/test/data/warehouse/default_db/dest_j1
                        file.outputformat org.apache.hadoop.hive.ql.io.HiveIgnoreKeyTextOutputFormat
                      serde: org.apache.hadoop.hive.serde2.lazy.LazySimpleSerDe
                      name: dest_j1

  Stage: Stage-0
    Move Operator
      tables:
          replace: true
          source: file:/data/allison/merged/build/ql/tmp/338854250/10000
          table:
              input format: org.apache.hadoop.mapred.TextInputFormat
              output format: org.apache.hadoop.hive.ql.io.HiveIgnoreKeyTextOutputFormat
              properties:
                name dest_j1
                columns.types string:string:string
                serialization.ddl struct dest_j1 { string key, string value, string val2}
                serialization.format 1
                columns key,value,val2
                bucket_count -1
                serialization.lib org.apache.hadoop.hive.serde2.lazy.LazySimpleSerDe
                file.inputformat org.apache.hadoop.mapred.TextInputFormat
                file.outputformat org.apache.hadoop.hive.ql.io.HiveIgnoreKeyTextOutputFormat
                location file:/data/allison/merged/build/ql/test/data/warehouse/default_db/dest_j1
              serde: org.apache.hadoop.hive.serde2.lazy.LazySimpleSerDe
              name: dest_j1
          tmp directory: file:/data/allison/merged/build/ql/tmp/338854250/10001


query: INSERT OVERWRITE TABLE dest_j1
SELECT /*+ MAPJOIN(x,y) */ x.key, z.value, y.value
FROM src1 x JOIN src y ON (x.key = y.key) 
JOIN srcpart z ON (x.key = z.key)
WHERE z.ds='2008-04-08' and z.hr=13
Output: default_db/dest_j1
query: select * from dest_j1 x order by x.key
Output: file:/data/allison/merged/build/ql/tmp/1462367473/10000
369	val_369	val_369
369	val_369	val_369
369	val_369	val_369
98	val_98	val_98
98	val_98	val_98
query: CREATE TABLE src_copy(key int, value string)
query: CREATE TABLE src1_copy(key string, value string)
query: INSERT OVERWRITE TABLE src_copy select key, value from src
Output: default_db/src_copy
query: INSERT OVERWRITE TABLE src1_copy select key, value from src1
Output: default_db/src1_copy
query: EXPLAIN EXTENDED
INSERT OVERWRITE TABLE dest_j1
SELECT /*+ MAPJOIN(x,y) */ x.key, z.value, y.value
FROM src1_copy x JOIN src_copy y ON (x.key = y.key) 
JOIN srcpart z ON (x.key = z.key)
WHERE z.ds='2008-04-08' and z.hr=11
ABSTRACT SYNTAX TREE:
  (TOK_QUERY (TOK_FROM (TOK_JOIN (TOK_JOIN (TOK_TABREF (TOK_TAB src1_copy) x) (TOK_TABREF (TOK_TAB src_copy) y) (= (. (TOK_TABLE_OR_COL x) key) (. (TOK_TABLE_OR_COL y) key))) (TOK_TABREF (TOK_TAB srcpart) z) (= (. (TOK_TABLE_OR_COL x) key) (. (TOK_TABLE_OR_COL z) key)))) (TOK_INSERT (TOK_DESTINATION (TOK_TAB dest_j1)) (TOK_SELECT (TOK_HINTLIST (TOK_HINT TOK_MAPJOIN (TOK_HINTARGLIST (TOK_TABLE_OR_COL x) (TOK_TABLE_OR_COL y)))) (TOK_SELEXPR (. (TOK_TABLE_OR_COL x) key)) (TOK_SELEXPR (. (TOK_TABLE_OR_COL z) value)) (TOK_SELEXPR (. (TOK_TABLE_OR_COL y) value))) (TOK_WHERE (and (= (. (TOK_TABLE_OR_COL z) ds) '2008-04-08') (= (. (TOK_TABLE_OR_COL z) hr) 11)))))

STAGE DEPENDENCIES:
  Stage-1 is a root stage
  Stage-4 depends on stages: Stage-1
  Stage-0 depends on stages: Stage-4

STAGE PLANS:
  Stage: Stage-1
    Map Reduce
      Alias -> Map Operator Tree:
        default_db/srcpart#z 
          TableScan
            alias: default_db/srcpart#z
            Filter Operator
              isSamplingPred: false
              predicate:
                  expr: ((ds = '2008-04-08') and (UDFToDouble(hr) = UDFToDouble(11)))
                  type: boolean
              Common Join Operator
                condition map:
                     Inner Join 0 to 1
                     Inner Join 0 to 2
                condition expressions:
                  0 {key}
                  1 {value}
                  2 {value} {ds} {hr}
                keys:
                  0 
                  1 
                  2 
                outputColumnNames: _col0, _col3, _col5, _col6, _col7
                Position of Big Table: 2
                Select Operator
                  expressions:
                        expr: _col0
                        type: string
                        expr: _col3
                        type: string
                        expr: _col5
                        type: string
                        expr: _col6
                        type: string
                        expr: _col7
                        type: string
                  outputColumnNames: _col0, _col3, _col5, _col6, _col7
                  Filter Operator
                    isSamplingPred: false
                    predicate:
                        expr: ((_col6 = '2008-04-08') and (UDFToDouble(_col7) = UDFToDouble(11)))
                        type: boolean
                    Select Operator
                      expressions:
                            expr: _col0
                            type: string
                            expr: _col5
                            type: string
                            expr: _col3
                            type: string
                      outputColumnNames: _col0, _col1, _col2
                      File Output Operator
                        compressed: false
                        GlobalTableId: 1
                        directory: file:/data/allison/merged/build/ql/tmp/381541952/10002
                        table:
                            input format: org.apache.hadoop.mapred.TextInputFormat
                            output format: org.apache.hadoop.hive.ql.io.HiveIgnoreKeyTextOutputFormat
                            properties:
                              name dest_j1
                              columns.types string:string:string
                              serialization.ddl struct dest_j1 { string key, string value, string val2}
                              serialization.format 1
                              columns key,value,val2
                              bucket_count -1
                              serialization.lib org.apache.hadoop.hive.serde2.lazy.LazySimpleSerDe
                              file.inputformat org.apache.hadoop.mapred.TextInputFormat
                              file.outputformat org.apache.hadoop.hive.ql.io.HiveIgnoreKeyTextOutputFormat
                              location file:/data/allison/merged/build/ql/test/data/warehouse/default_db/dest_j1
                            serde: org.apache.hadoop.hive.serde2.lazy.LazySimpleSerDe
                            name: dest_j1
      Local Work:
        Map Reduce Local Work
          Alias -> Map Local Tables:
            default_db/src1_copy#x 
              Fetch Operator
                limit: -1
            default_db/src_copy#y 
              Fetch Operator
                limit: -1
          Alias -> Map Local Operator Tree:
            default_db/src1_copy#x 
              TableScan
                alias: default_db/src1_copy#x
                Common Join Operator
                  condition map:
                       Inner Join 0 to 1
                       Inner Join 0 to 2
                  condition expressions:
                    0 {key}
                    1 {value}
                    2 {value} {ds} {hr}
                  keys:
                    0 
                    1 
                    2 
                  outputColumnNames: _col0, _col3, _col5, _col6, _col7
                  Position of Big Table: 2
                  Select Operator
                    expressions:
                          expr: _col0
                          type: string
                          expr: _col3
                          type: string
                          expr: _col5
                          type: string
                          expr: _col6
                          type: string
                          expr: _col7
                          type: string
                    outputColumnNames: _col0, _col3, _col5, _col6, _col7
                    Filter Operator
                      isSamplingPred: false
                      predicate:
                          expr: ((_col6 = '2008-04-08') and (UDFToDouble(_col7) = UDFToDouble(11)))
                          type: boolean
                      Select Operator
                        expressions:
                              expr: _col0
                              type: string
                              expr: _col5
                              type: string
                              expr: _col3
                              type: string
                        outputColumnNames: _col0, _col1, _col2
                        File Output Operator
                          compressed: false
                          GlobalTableId: 1
                          directory: file:/data/allison/merged/build/ql/tmp/381541952/10002
                          table:
                              input format: org.apache.hadoop.mapred.TextInputFormat
                              output format: org.apache.hadoop.hive.ql.io.HiveIgnoreKeyTextOutputFormat
                              properties:
                                name dest_j1
                                columns.types string:string:string
                                serialization.ddl struct dest_j1 { string key, string value, string val2}
                                serialization.format 1
                                columns key,value,val2
                                bucket_count -1
                                serialization.lib org.apache.hadoop.hive.serde2.lazy.LazySimpleSerDe
                                file.inputformat org.apache.hadoop.mapred.TextInputFormat
                                file.outputformat org.apache.hadoop.hive.ql.io.HiveIgnoreKeyTextOutputFormat
                                location file:/data/allison/merged/build/ql/test/data/warehouse/default_db/dest_j1
                              serde: org.apache.hadoop.hive.serde2.lazy.LazySimpleSerDe
                              name: dest_j1
            default_db/src_copy#y 
              TableScan
                alias: default_db/src_copy#y
                Common Join Operator
                  condition map:
                       Inner Join 0 to 1
                       Inner Join 0 to 2
                  condition expressions:
                    0 {key}
                    1 {value}
                    2 {value} {ds} {hr}
                  keys:
                    0 
                    1 
                    2 
                  outputColumnNames: _col0, _col3, _col5, _col6, _col7
                  Position of Big Table: 2
                  Select Operator
                    expressions:
                          expr: _col0
                          type: string
                          expr: _col3
                          type: string
                          expr: _col5
                          type: string
                          expr: _col6
                          type: string
                          expr: _col7
                          type: string
                    outputColumnNames: _col0, _col3, _col5, _col6, _col7
                    Filter Operator
                      isSamplingPred: false
                      predicate:
                          expr: ((_col6 = '2008-04-08') and (UDFToDouble(_col7) = UDFToDouble(11)))
                          type: boolean
                      Select Operator
                        expressions:
                              expr: _col0
                              type: string
                              expr: _col5
                              type: string
                              expr: _col3
                              type: string
                        outputColumnNames: _col0, _col1, _col2
                        File Output Operator
                          compressed: false
                          GlobalTableId: 1
                          directory: file:/data/allison/merged/build/ql/tmp/381541952/10002
                          table:
                              input format: org.apache.hadoop.mapred.TextInputFormat
                              output format: org.apache.hadoop.hive.ql.io.HiveIgnoreKeyTextOutputFormat
                              properties:
                                name dest_j1
                                columns.types string:string:string
                                serialization.ddl struct dest_j1 { string key, string value, string val2}
                                serialization.format 1
                                columns key,value,val2
                                bucket_count -1
                                serialization.lib org.apache.hadoop.hive.serde2.lazy.LazySimpleSerDe
                                file.inputformat org.apache.hadoop.mapred.TextInputFormat
                                file.outputformat org.apache.hadoop.hive.ql.io.HiveIgnoreKeyTextOutputFormat
                                location file:/data/allison/merged/build/ql/test/data/warehouse/default_db/dest_j1
                              serde: org.apache.hadoop.hive.serde2.lazy.LazySimpleSerDe
                              name: dest_j1
      Needs Tagging: false
      Path -> Alias:
        file:/data/allison/merged/build/ql/test/data/warehouse/default_db/srcpart/p0/sp1 
      Path -> Partition:
        file:/data/allison/merged/build/ql/test/data/warehouse/default_db/srcpart/p0/sp1 
          Partition
          
              input format: org.apache.hadoop.mapred.TextInputFormat
              output format: org.apache.hadoop.hive.ql.io.HiveIgnoreKeyTextOutputFormat
              properties:
                name srcpart
                columns.types string:string:string:string
                serialization.ddl struct srcpart { string key, string value, string ds, string hr}
                serialization.format 1
                columns key,value,ds,hr
                bucket_count -1
                serialization.lib org.apache.hadoop.hive.serde2.lazy.LazySimpleSerDe
                file.inputformat org.apache.hadoop.mapred.TextInputFormat
                file.outputformat org.apache.hadoop.hive.ql.io.HiveIgnoreKeyTextOutputFormat
                location file:/data/allison/merged/build/ql/test/data/warehouse/default_db/srcpart
              serde: org.apache.hadoop.hive.serde2.lazy.LazySimpleSerDe
              name: srcpart

  Stage: Stage-4
    Conditional Operator
      list of dependent Tasks:
          Move Operator
            files:
                hdfs directory: true
                source: file:/data/allison/merged/build/ql/tmp/381541952/10002
                destination: file:/data/allison/merged/build/ql/tmp/1269029187/10000
          Map Reduce
            Alias -> Map Operator Tree:
              file:/data/allison/merged/build/ql/tmp/381541952/10002 
                  Reduce Output Operator
                    sort order: 
                    Map-reduce partition columns:
                          expr: rand()
                          type: double
                    tag: -1
                    value expressions:
                          expr: key
                          type: string
                          expr: value
                          type: string
                          expr: val2
                          type: string
            Needs Tagging: false
            Path -> Alias:
              file:/data/allison/merged/build/ql/tmp/381541952/10002 
            Path -> Partition:
              file:/data/allison/merged/build/ql/tmp/381541952/10002 
                Partition
                
                    input format: org.apache.hadoop.mapred.TextInputFormat
                    output format: org.apache.hadoop.hive.ql.io.HiveIgnoreKeyTextOutputFormat
                    properties:
                      name dest_j1
                      columns.types string:string:string
                      serialization.ddl struct dest_j1 { string key, string value, string val2}
                      serialization.format 1
                      columns key,value,val2
                      bucket_count -1
                      serialization.lib org.apache.hadoop.hive.serde2.lazy.LazySimpleSerDe
                      file.inputformat org.apache.hadoop.mapred.TextInputFormat
                      file.outputformat org.apache.hadoop.hive.ql.io.HiveIgnoreKeyTextOutputFormat
                      location file:/data/allison/merged/build/ql/test/data/warehouse/default_db/dest_j1
                    serde: org.apache.hadoop.hive.serde2.lazy.LazySimpleSerDe
                    name: dest_j1
            Reduce Operator Tree:
              Extract
                File Output Operator
                  compressed: false
                  GlobalTableId: 0
                  directory: file:/data/allison/merged/build/ql/tmp/1269029187/10000
                  table:
                      input format: org.apache.hadoop.mapred.TextInputFormat
                      output format: org.apache.hadoop.hive.ql.io.HiveIgnoreKeyTextOutputFormat
                      properties:
                        name dest_j1
                        columns.types string:string:string
                        serialization.ddl struct dest_j1 { string key, string value, string val2}
                        serialization.format 1
                        columns key,value,val2
                        bucket_count -1
                        serialization.lib org.apache.hadoop.hive.serde2.lazy.LazySimpleSerDe
                        file.inputformat org.apache.hadoop.mapred.TextInputFormat
                        location file:/data/allison/merged/build/ql/test/data/warehouse/default_db/dest_j1
                        file.outputformat org.apache.hadoop.hive.ql.io.HiveIgnoreKeyTextOutputFormat
                      serde: org.apache.hadoop.hive.serde2.lazy.LazySimpleSerDe
                      name: dest_j1

  Stage: Stage-0
    Move Operator
      tables:
          replace: true
          source: file:/data/allison/merged/build/ql/tmp/1269029187/10000
          table:
              input format: org.apache.hadoop.mapred.TextInputFormat
              output format: org.apache.hadoop.hive.ql.io.HiveIgnoreKeyTextOutputFormat
              properties:
                name dest_j1
                columns.types string:string:string
                serialization.ddl struct dest_j1 { string key, string value, string val2}
                serialization.format 1
                columns key,value,val2
                bucket_count -1
                serialization.lib org.apache.hadoop.hive.serde2.lazy.LazySimpleSerDe
                file.inputformat org.apache.hadoop.mapred.TextInputFormat
                file.outputformat org.apache.hadoop.hive.ql.io.HiveIgnoreKeyTextOutputFormat
                location file:/data/allison/merged/build/ql/test/data/warehouse/default_db/dest_j1
              serde: org.apache.hadoop.hive.serde2.lazy.LazySimpleSerDe
              name: dest_j1
          tmp directory: file:/data/allison/merged/build/ql/tmp/1269029187/10001


query: INSERT OVERWRITE TABLE dest_j1
SELECT /*+ MAPJOIN(x,y) */ x.key, z.value, y.value
FROM src1_copy x JOIN src_copy y ON (x.key = y.key) 
JOIN srcpart z ON (x.key = z.key)
WHERE z.ds='2008-04-08' and z.hr=11
Output: default_db/dest_j1
query: select * from dest_j1 x order by x.key
Output: file:/data/allison/merged/build/ql/tmp/463107148/10000
query: drop table src_copy
query: drop table src1_copy
query: drop table dest_j1
