query: DROP TABLE testtbl
query: CREATE TABLE testtbl(KEY STRING, VALUE STRING) STORED AS TEXTFILE
query: LOAD DATA LOCAL INPATH '../data/files/kv1.txt' INTO TABLE testtbl
query: explain
select count(1) from testtbl
ABSTRACT SYNTAX TREE:
  (TOK_QUERY (TOK_FROM (TOK_TABREF (TOK_TAB testtbl))) (TOK_INSERT (TOK_DESTINATION (TOK_DIR TOK_TMP_FILE)) (TOK_SELECT (TOK_SELEXPR (TOK_FUNCTION count 1)))))

STAGE DEPENDENCIES:
  Stage-1 is a root stage
  Stage-0 is a root stage

STAGE PLANS:
  Stage: Stage-1
    Map Reduce
      Alias -> Map Operator Tree:
        default_db/testtbl 
          TableScan
            alias: default_db/testtbl
            Select Operator
              Group By Operator
                aggregations:
                      expr: count(1)
                mode: hash
                outputColumnNames: _col0
                Reduce Output Operator
                  sort order: 
                  tag: -1
                  value expressions:
                        expr: _col0
                        type: bigint
      Path -> Alias:
        file:/data/allison/merged/build/ql/test/data/warehouse/default_db/testtbl 
      Reduce Operator Tree:
        Group By Operator
          aggregations:
                expr: count(VALUE._col0)
          mode: mergepartial
          outputColumnNames: _col0
          Select Operator
            expressions:
                  expr: _col0
                  type: bigint
            outputColumnNames: _col0
            File Output Operator
              compressed: false
              GlobalTableId: 0
              table:
                  input format: org.apache.hadoop.mapred.TextInputFormat
                  output format: org.apache.hadoop.hive.ql.io.HiveIgnoreKeyTextOutputFormat

  Stage: Stage-0
    Fetch Operator
      limit: -1


query: select count(1) from testtbl
Output: file:/data/allison/merged/build/ql/tmp/1111251155/10000
500
query: DROP TABLE testtbl2
query: CREATE TABLE testtbl2(KEY STRING, VALUE STRING) STORED AS TEXTFILE
query: LOAD DATA LOCAL INPATH '../data/files/nullfile.txt' INTO TABLE testtbl2
query: explain
select count(1) from testtbl2
ABSTRACT SYNTAX TREE:
  (TOK_QUERY (TOK_FROM (TOK_TABREF (TOK_TAB testtbl2))) (TOK_INSERT (TOK_DESTINATION (TOK_DIR TOK_TMP_FILE)) (TOK_SELECT (TOK_SELEXPR (TOK_FUNCTION count 1)))))

STAGE DEPENDENCIES:
  Stage-1 is a root stage
  Stage-0 is a root stage

STAGE PLANS:
  Stage: Stage-1
    Map Reduce
      Alias -> Map Operator Tree:
        default_db/testtbl2 
          TableScan
            alias: default_db/testtbl2
            Select Operator
              Group By Operator
                aggregations:
                      expr: count(1)
                mode: hash
                outputColumnNames: _col0
                Reduce Output Operator
                  sort order: 
                  tag: -1
                  value expressions:
                        expr: _col0
                        type: bigint
      Path -> Alias:
        file:/data/allison/merged/build/ql/test/data/warehouse/default_db/testtbl2 
      Reduce Operator Tree:
        Group By Operator
          aggregations:
                expr: count(VALUE._col0)
          mode: mergepartial
          outputColumnNames: _col0
          Select Operator
            expressions:
                  expr: _col0
                  type: bigint
            outputColumnNames: _col0
            File Output Operator
              compressed: false
              GlobalTableId: 0
              table:
                  input format: org.apache.hadoop.mapred.TextInputFormat
                  output format: org.apache.hadoop.hive.ql.io.HiveIgnoreKeyTextOutputFormat

  Stage: Stage-0
    Fetch Operator
      limit: -1


query: select count(1) from testtbl2
Output: file:/data/allison/merged/build/ql/tmp/1488114293/10000
0
query: DROP TABLE testtbl
query: CREATE TABLE testtbl(KEY STRING, VALUE STRING)STORED AS TEXTFILE
query: LOAD DATA LOCAL INPATH '../data/files/kv1.txt' INTO TABLE testtbl
query: LOAD DATA LOCAL INPATH '../data/files/nullfile.txt' INTO TABLE testtbl
query: explain
select count(1) from testtbl
ABSTRACT SYNTAX TREE:
  (TOK_QUERY (TOK_FROM (TOK_TABREF (TOK_TAB testtbl))) (TOK_INSERT (TOK_DESTINATION (TOK_DIR TOK_TMP_FILE)) (TOK_SELECT (TOK_SELEXPR (TOK_FUNCTION count 1)))))

STAGE DEPENDENCIES:
  Stage-1 is a root stage
  Stage-0 is a root stage

STAGE PLANS:
  Stage: Stage-1
    Map Reduce
      Alias -> Map Operator Tree:
        default_db/testtbl 
          TableScan
            alias: default_db/testtbl
            Select Operator
              Group By Operator
                aggregations:
                      expr: count(1)
                mode: hash
                outputColumnNames: _col0
                Reduce Output Operator
                  sort order: 
                  tag: -1
                  value expressions:
                        expr: _col0
                        type: bigint
      Path -> Alias:
        file:/data/allison/merged/build/ql/test/data/warehouse/default_db/testtbl 
      Reduce Operator Tree:
        Group By Operator
          aggregations:
                expr: count(VALUE._col0)
          mode: mergepartial
          outputColumnNames: _col0
          Select Operator
            expressions:
                  expr: _col0
                  type: bigint
            outputColumnNames: _col0
            File Output Operator
              compressed: false
              GlobalTableId: 0
              table:
                  input format: org.apache.hadoop.mapred.TextInputFormat
                  output format: org.apache.hadoop.hive.ql.io.HiveIgnoreKeyTextOutputFormat

  Stage: Stage-0
    Fetch Operator
      limit: -1


query: select count(1) from testtbl
Output: file:/data/allison/merged/build/ql/tmp/52708292/10000
500
query: DROP TABLE testtbl
query: DROP TABLE testtbl2
