query: from src
select transform('aa;') using '/bin/cat' as a  limit 1
Output: file:/data/allison/tdw/build/ql/tmp/937588729/10000
aa;
query: from src
select transform('bb') using '/bin/cat' as b limit 1
Output: file:/data/allison/tdw/build/ql/tmp/1291892238/10000
bb
query: from src
select transform('cc') using '/bin/cat' as c limit 1
Output: file:/data/allison/tdw/build/ql/tmp/1080335280/10000
cc
