query: EXPLAIN
SHOW PARTITIONS srcpart
ABSTRACT SYNTAX TREE:
  (TOK_SHOWPARTITIONS srcpart)

STAGE DEPENDENCIES:
  Stage-0 is a root stage
  Stage-1 is a root stage

STAGE PLANS:
  Stage: Stage-0
      Show Partitions Operator:
        Show Partitions
          table: srcpart

  Stage: Stage-1
    Fetch Operator
      limit: -1


query: SHOW PARTITIONS srcpart
pri partitions:
p0
p1
sub partitions:
sp1
sp2
