query: EXPLAIN
SELECT lower('AbC 123'), upper('AbC 123') FROM src WHERE key = 86
ABSTRACT SYNTAX TREE:
  (TOK_QUERY (TOK_FROM (TOK_TABREF (TOK_TAB src))) (TOK_INSERT (TOK_DESTINATION (TOK_DIR TOK_TMP_FILE)) (TOK_SELECT (TOK_SELEXPR (TOK_FUNCTION lower 'AbC 123')) (TOK_SELEXPR (TOK_FUNCTION upper 'AbC 123'))) (TOK_WHERE (= (TOK_TABLE_OR_COL key) 86))))

STAGE DEPENDENCIES:
  Stage-1 is a root stage
  Stage-0 is a root stage

STAGE PLANS:
  Stage: Stage-1
    Map Reduce
      Alias -> Map Operator Tree:
        default_db/src 
          TableScan
            alias: default_db/src
            Filter Operator
              predicate:
                  expr: (UDFToDouble(key) = UDFToDouble(86))
                  type: boolean
              Filter Operator
                predicate:
                    expr: (UDFToDouble(key) = UDFToDouble(86))
                    type: boolean
                Select Operator
                  expressions:
                        expr: lower('AbC 123')
                        type: string
                        expr: upper('AbC 123')
                        type: string
                  outputColumnNames: _col0, _col1
                  File Output Operator
                    compressed: false
                    GlobalTableId: 0
                    table:
                        input format: org.apache.hadoop.mapred.TextInputFormat
                        output format: org.apache.hadoop.hive.ql.io.HiveIgnoreKeyTextOutputFormat
      Path -> Alias:
        file:/data/allison/merged/build/ql/test/data/warehouse/default_db/src 

  Stage: Stage-0
    Fetch Operator
      limit: -1


query: SELECT lower('AbC 123'), upper('AbC 123') FROM src WHERE key = 86
Output: file:/data/allison/merged/build/ql/tmp/1445313851/10000
abc 123	ABC 123
