query: EXPLAIN
SELECT CASE a.key
        WHEN '1' THEN 2
        WHEN '3' THEN 4
        ELSE 5
       END as key
FROM src a JOIN src b
ON a.key = b.key
ORDER BY key LIMIT 10
ABSTRACT SYNTAX TREE:
  (TOK_QUERY (TOK_FROM (TOK_JOIN (TOK_TABREF (TOK_TAB src) a) (TOK_TABREF (TOK_TAB src) b) (= (. (TOK_TABLE_OR_COL a) key) (. (TOK_TABLE_OR_COL b) key)))) (TOK_INSERT (TOK_DESTINATION (TOK_DIR TOK_TMP_FILE)) (TOK_SELECT (TOK_SELEXPR (TOK_FUNCTION CASE (. (TOK_TABLE_OR_COL a) key) '1' 2 '3' 4 5) key)) (TOK_ORDERBY (TOK_TABSORTCOLNAMEASC (TOK_TABLE_OR_COL key))) (TOK_LIMIT 10)))

STAGE DEPENDENCIES:
  Stage-1 is a root stage
  Stage-2 depends on stages: Stage-1
  Stage-0 is a root stage

STAGE PLANS:
  Stage: Stage-1
    Map Reduce
      Alias -> Map Operator Tree:
        default_db/src#a 
          TableScan
            alias: default_db/src#a
            Reduce Output Operator
              key expressions:
                    expr: key
                    type: string
              sort order: +
              Map-reduce partition columns:
                    expr: key
                    type: string
              tag: 0
              value expressions:
                    expr: key
                    type: string
        default_db/src#b 
          TableScan
            alias: default_db/src#b
            Reduce Output Operator
              key expressions:
                    expr: key
                    type: string
              sort order: +
              Map-reduce partition columns:
                    expr: key
                    type: string
              tag: 1
      Path -> Alias:
        file:/data/allison/merged/build/ql/test/data/warehouse/default_db/src 
      Reduce Operator Tree:
        Join Operator
          condition map:
               Inner Join 0 to 1
          condition expressions:
            0 {VALUE._col0}
            1 
          outputColumnNames: _col0
          Select Operator
            expressions:
                  expr: CASE (_col0) WHEN ('1') THEN (2) WHEN ('3') THEN (4) ELSE (5) END
                  type: int
            outputColumnNames: _col0
            HalfSortLimit
              File Output Operator
                compressed: false
                GlobalTableId: 0
                table:
                    input format: org.apache.hadoop.mapred.SequenceFileInputFormat
                    output format: org.apache.hadoop.hive.ql.io.HiveSequenceFileOutputFormat

  Stage: Stage-2
    Map Reduce
      Alias -> Map Operator Tree:
        file:/data/allison/merged/build/ql/tmp/1719206422/10002 
            Reduce Output Operator
              key expressions:
                    expr: _col0
                    type: int
              sort order: +
              tag: -1
              value expressions:
                    expr: _col0
                    type: int
      Path -> Alias:
        file:/data/allison/merged/build/ql/tmp/1719206422/10002 
      Reduce Operator Tree:
        Extract
          HalfSortLimit
            File Output Operator
              compressed: false
              GlobalTableId: 0
              table:
                  input format: org.apache.hadoop.mapred.TextInputFormat
                  output format: org.apache.hadoop.hive.ql.io.HiveIgnoreKeyTextOutputFormat

  Stage: Stage-0
    Fetch Operator
      limit: -1


query: SELECT CASE a.key
        WHEN '1' THEN 2
        WHEN '3' THEN 4
        ELSE 5
       END as key
FROM src a JOIN src b
ON a.key = b.key
ORDER BY key LIMIT 10
Output: file:/data/allison/merged/build/ql/tmp/116802011/10000
5
5
5
5
5
5
5
5
5
5
