query: EXPLAIN EXTENDED 
SELECT * FROM (
  SELECT X.* FROM SRCPART X WHERE X.key < 100
  UNION ALL
  SELECT Y.* FROM SRCPART Y WHERE Y.key < 100
) A
WHERE A.ds = '2008-04-08'
SORT BY A.key
ABSTRACT SYNTAX TREE:
  (TOK_QUERY (TOK_FROM (TOK_SUBQUERY (TOK_UNION (TOK_QUERY (TOK_FROM (TOK_TABREF (TOK_TAB SRCPART) X)) (TOK_INSERT (TOK_DESTINATION (TOK_DIR TOK_TMP_FILE)) (TOK_SELECT (TOK_SELEXPR (TOK_ALLCOLREF X))) (TOK_WHERE (< (. (TOK_TABLE_OR_COL X) key) 100)))) (TOK_QUERY (TOK_FROM (TOK_TABREF (TOK_TAB SRCPART) Y)) (TOK_INSERT (TOK_DESTINATION (TOK_DIR TOK_TMP_FILE)) (TOK_SELECT (TOK_SELEXPR (TOK_ALLCOLREF Y))) (TOK_WHERE (< (. (TOK_TABLE_OR_COL Y) key) 100))))) A)) (TOK_INSERT (TOK_DESTINATION (TOK_DIR TOK_TMP_FILE)) (TOK_SELECT (TOK_SELEXPR TOK_ALLCOLREF)) (TOK_WHERE (= (. (TOK_TABLE_OR_COL A) ds) '2008-04-08')) (TOK_SORTBY (TOK_TABSORTCOLNAMEASC (. (TOK_TABLE_OR_COL A) key)))))

STAGE DEPENDENCIES:
  Stage-1 is a root stage
  Stage-0 is a root stage

STAGE PLANS:
  Stage: Stage-1
    Map Reduce
      Alias -> Map Operator Tree:
        null-subquery1:a-subquery1:x 
          TableScan
            alias: x
            Filter Operator
              isSamplingPred: false
              predicate:
                  expr: ((UDFToDouble(key) < UDFToDouble(100)) and (ds = '2008-04-08'))
                  type: boolean
              Filter Operator
                isSamplingPred: false
                predicate:
                    expr: (UDFToDouble(key) < UDFToDouble(100))
                    type: boolean
                Select Operator
                  expressions:
                        expr: key
                        type: string
                        expr: value
                        type: string
                        expr: ds
                        type: string
                        expr: hr
                        type: string
                  outputColumnNames: _col0, _col1, _col2, _col3
                  Union
                    Filter Operator
                      isSamplingPred: false
                      predicate:
                          expr: (_col2 = '2008-04-08')
                          type: boolean
                      Select Operator
                        expressions:
                              expr: _col0
                              type: string
                              expr: _col1
                              type: string
                              expr: _col2
                              type: string
                              expr: _col3
                              type: string
                        outputColumnNames: _col0, _col1, _col2, _col3
                        Reduce Output Operator
                          key expressions:
                                expr: _col0
                                type: string
                          sort order: +
                          tag: -1
                          value expressions:
                                expr: _col0
                                type: string
                                expr: _col1
                                type: string
                                expr: _col2
                                type: string
                                expr: _col3
                                type: string
        null-subquery2:a-subquery2:y 
          TableScan
            alias: y
            Filter Operator
              isSamplingPred: false
              predicate:
                  expr: ((UDFToDouble(key) < UDFToDouble(100)) and (ds = '2008-04-08'))
                  type: boolean
              Filter Operator
                isSamplingPred: false
                predicate:
                    expr: (UDFToDouble(key) < UDFToDouble(100))
                    type: boolean
                Select Operator
                  expressions:
                        expr: key
                        type: string
                        expr: value
                        type: string
                        expr: ds
                        type: string
                        expr: hr
                        type: string
                  outputColumnNames: _col0, _col1, _col2, _col3
                  Union
                    Filter Operator
                      isSamplingPred: false
                      predicate:
                          expr: (_col2 = '2008-04-08')
                          type: boolean
                      Select Operator
                        expressions:
                              expr: _col0
                              type: string
                              expr: _col1
                              type: string
                              expr: _col2
                              type: string
                              expr: _col3
                              type: string
                        outputColumnNames: _col0, _col1, _col2, _col3
                        Reduce Output Operator
                          key expressions:
                                expr: _col0
                                type: string
                          sort order: +
                          tag: -1
                          value expressions:
                                expr: _col0
                                type: string
                                expr: _col1
                                type: string
                                expr: _col2
                                type: string
                                expr: _col3
                                type: string
      Needs Tagging: false
      Path -> Alias:
        file:/data/allison/tdw/build/ql/test/data/warehouse/srcpart/p0/sp2 
        file:/data/allison/tdw/build/ql/test/data/warehouse/srcpart/p0/sp1 
      Path -> Partition:
        file:/data/allison/tdw/build/ql/test/data/warehouse/srcpart/p0/sp2 
          Partition
          
              input format: org.apache.hadoop.mapred.TextInputFormat
              output format: org.apache.hadoop.hive.ql.io.HiveIgnoreKeyTextOutputFormat
              properties:
                name srcpart
                columns.types string:string:string:string
                serialization.ddl struct srcpart { string key, string value, string ds, string hr}
                serialization.format 1
                columns key,value,ds,hr
                bucket_count -1
                serialization.lib org.apache.hadoop.hive.serde2.lazy.LazySimpleSerDe
                file.inputformat org.apache.hadoop.mapred.TextInputFormat
                file.outputformat org.apache.hadoop.hive.ql.io.HiveIgnoreKeyTextOutputFormat
                location file:/data/allison/tdw/build/ql/test/data/warehouse/srcpart
              serde: org.apache.hadoop.hive.serde2.lazy.LazySimpleSerDe
              name: srcpart
        file:/data/allison/tdw/build/ql/test/data/warehouse/srcpart/p0/sp1 
          Partition
          
              input format: org.apache.hadoop.mapred.TextInputFormat
              output format: org.apache.hadoop.hive.ql.io.HiveIgnoreKeyTextOutputFormat
              properties:
                name srcpart
                columns.types string:string:string:string
                serialization.ddl struct srcpart { string key, string value, string ds, string hr}
                serialization.format 1
                columns key,value,ds,hr
                bucket_count -1
                serialization.lib org.apache.hadoop.hive.serde2.lazy.LazySimpleSerDe
                file.inputformat org.apache.hadoop.mapred.TextInputFormat
                file.outputformat org.apache.hadoop.hive.ql.io.HiveIgnoreKeyTextOutputFormat
                location file:/data/allison/tdw/build/ql/test/data/warehouse/srcpart
              serde: org.apache.hadoop.hive.serde2.lazy.LazySimpleSerDe
              name: srcpart
      Reduce Operator Tree:
        Extract
          File Output Operator
            compressed: false
            GlobalTableId: 0
            directory: file:/data/allison/tdw/build/ql/tmp/1483986329/10001
            table:
                input format: org.apache.hadoop.mapred.TextInputFormat
                output format: org.apache.hadoop.hive.ql.io.HiveIgnoreKeyTextOutputFormat
                properties:
                  columns _col0,_col1,_col2,_col3
                  serialization.format 1
                  columns.types string:string:string:string

  Stage: Stage-0
    Fetch Operator
      limit: -1


query: SELECT * FROM (
  SELECT X.* FROM SRCPART X WHERE X.key < 100
  UNION ALL
  SELECT Y.* FROM SRCPART Y WHERE Y.key < 100
) A
WHERE A.ds = '2008-04-08'
SORT BY A.key
Output: file:/data/allison/tdw/build/ql/tmp/1963294/10000
0	val_0	2008-04-08	18
0	val_0	2008-04-08	18
0	val_0	2008-04-08	04
0	val_0	2008-04-08	04
0	val_0	2008-04-08	09
0	val_0	2008-04-08	09
10	val_10	2008-04-08	09
10	val_10	2008-04-08	09
12	val_12	2008-04-08	21
12	val_12	2008-04-08	21
15	val_15	2008-04-08	02
15	val_15	2008-04-08	09
15	val_15	2008-04-08	09
15	val_15	2008-04-08	02
17	val_17	2008-04-08	04
17	val_17	2008-04-08	04
19	val_19	2008-04-08	09
19	val_19	2008-04-08	09
20	val_20	2008-04-08	04
20	val_20	2008-04-08	04
24	val_24	2008-04-08	18
24	val_24	2008-04-08	18
26	val_26	2008-04-08	22
26	val_26	2008-04-08	22
27	val_27	2008-04-08	00
27	val_27	2008-04-08	00
35	val_35	2008-04-08	05
35	val_35	2008-04-08	05
37	val_37	2008-04-08	02
37	val_37	2008-04-08	02
4	val_4	2008-04-08	05
4	val_4	2008-04-08	05
42	val_42	2008-04-08	18
42	val_42	2008-04-08	18
43	val_43	2008-04-08	13
43	val_43	2008-04-08	13
47	val_47	2008-04-08	05
47	val_47	2008-04-08	05
51	val_51	2008-04-08	05
51	val_51	2008-04-08	05
51	val_51	2008-04-08	13
51	val_51	2008-04-08	13
54	val_54	2008-04-08	05
54	val_54	2008-04-08	05
57	val_57	2008-04-08	04
57	val_57	2008-04-08	04
58	val_58	2008-04-08	18
58	val_58	2008-04-08	18
65	val_65	2008-04-08	05
65	val_65	2008-04-08	05
66	val_66	2008-04-08	01
66	val_66	2008-04-08	01
67	val_67	2008-04-08	21
67	val_67	2008-04-08	21
72	val_72	2008-04-08	09
72	val_72	2008-04-08	09
72	val_72	2008-04-08	05
72	val_72	2008-04-08	05
77	val_77	2008-04-08	09
77	val_77	2008-04-08	09
8	val_8	2008-04-08	18
8	val_8	2008-04-08	18
82	val_82	2008-04-08	02
82	val_82	2008-04-08	02
83	val_83	2008-04-08	05
83	val_83	2008-04-08	05
84	val_84	2008-04-08	18
84	val_84	2008-04-08	18
85	val_85	2008-04-08	09
85	val_85	2008-04-08	09
86	val_86	2008-04-08	00
86	val_86	2008-04-08	00
87	val_87	2008-04-08	09
87	val_87	2008-04-08	09
90	val_90	2008-04-08	09
90	val_90	2008-04-08	09
92	val_92	2008-04-08	05
92	val_92	2008-04-08	05
95	val_95	2008-04-08	13
95	val_95	2008-04-08	13
96	val_96	2008-04-08	22
96	val_96	2008-04-08	22
98	val_98	2008-04-08	13
98	val_98	2008-04-08	13
98	val_98	2008-04-08	00
98	val_98	2008-04-08	00
