Semantic Exception: 
TDW can't judge name : key is a table name or alias or column!