(TOK_QUERY (TOK_FROM (TOK_JOIN (TOK_TABREF (TOK_TAB src) src1) (TOK_TABREF (TOK_TAB src) src2) (= (. (TOK_TABLE_OR_COL src1) key) (. (TOK_TABLE_OR_COL src2) key)))) (TOK_INSERT (TOK_DESTINATION (TOK_TAB dest1)) (TOK_SELECT (TOK_SELEXPR (. (TOK_TABLE_OR_COL src1) key)) (TOK_SELEXPR (. (TOK_TABLE_OR_COL src2) value))))) null