FAILED: Error in semantic analysis: projection must no exceed 20
