FAILED: Parse Error: line 1:27 mismatched input 'compress' expecting EOF

