FAILED: Parse Error: line 0:-1 mismatched input '<EOF>' expecting ( in index filed name list

