FAILED: Error in semantic analysis: field exceed 20, must define projection
