FAILED: Error in semantic analysis: Either list of columns or a custom serializer should be specified
